Archive member included to satisfy reference by file (symbol)

.pio/build/memfault/libFrameworkArduino.a(Print.cpp.o)
                              .pio/build/memfault/libdb1/Adafruit_TinyUSB_Arduino/arduino/midi/Adafruit_USBD_MIDI.cpp.o (Print::write(unsigned char const*, unsigned int))
.pio/build/memfault/libFrameworkArduino.a(abi.cpp.o)
                              .pio/build/memfault/libFrameworkArduino.a(Print.cpp.o) (__cxa_pure_virtual)
.pio/build/memfault/libFrameworkArduino.a(queue.c.o)
                              .pio/build/memfault/libdb1/Adafruit_TinyUSB_Arduino/device/usbd.c.o (xQueueGenericCreateStatic)
.pio/build/memfault/libFrameworkArduino.a(tasks.c.o)
                              .pio/build/memfault/libdb1/Adafruit_TinyUSB_Arduino/arduino/ports/nrf/Adafruit_TinyUSB_nrf.cpp.o (xTaskCreate)
.pio/build/memfault/libFrameworkArduino.a(timers.c.o)
                              .pio/build/memfault/libFrameworkArduino.a(tasks.c.o) (xTimerCreateTimerTask)
.pio/build/memfault/libFrameworkArduino.a(port_cmsis.c.o)
                              .pio/build/memfault/libFrameworkArduino.a(tasks.c.o) (pxPortInitialiseStack)
.pio/build/memfault/libFrameworkArduino.a(port_cmsis_systick.c.o)
                              .pio/build/memfault/libFrameworkArduino.a(port_cmsis.c.o) (vPortSetupTimerInterrupt)
.pio/build/memfault/libFrameworkArduino.a(port.c.o)
                              .pio/build/memfault/libFrameworkArduino.a(port_cmsis.c.o) (vPortStartFirstTask)
.pio/build/memfault/libFrameworkArduino.a(hooks.c.o)
                              .pio/build/memfault/libFrameworkArduino.a(tasks.c.o) (vApplicationIdleHook)
.pio/build/memfault/libFrameworkArduino.a(gcc_startup_nrf52840.S.o)
                              .pio/build/memfault/libFrameworkArduino.a(port.c.o) (__isr_vector)
.pio/build/memfault/libFrameworkArduino.a(main.cpp.o)
                              /home/leroy/.platformio/packages/toolchain-gccarmnoneeabi@1.70201.0/bin/../lib/gcc/arm-none-eabi/7.2.1/../../../../arm-none-eabi/lib/thumb/v7e-m/fpv4-sp/hard/crt0.o (main)
.pio/build/memfault/libFrameworkArduino.a(nrfx_power.c.o)
                              .pio/build/memfault/libdb1/Adafruit_TinyUSB_Arduino/arduino/ports/nrf/Adafruit_TinyUSB_nrf.cpp.o (nrfx_power_init)
.pio/build/memfault/libFrameworkArduino.a(system_nrf52840.c.o)
                              .pio/build/memfault/libFrameworkArduino.a(gcc_startup_nrf52840.S.o) (SystemInit)
.pio/build/memfault/libFrameworkArduino.a(rtos.cpp.o)
                              .pio/build/memfault/libFrameworkArduino.a(tasks.c.o) (vApplicationStackOverflowHook)
.pio/build/memfault/libFrameworkArduino.a(AdaCallback.c.o)
                              .pio/build/memfault/libFrameworkArduino.a(main.cpp.o) (ada_callback_init)
.pio/build/memfault/libFrameworkArduino.a(debug.cpp.o)
                              .pio/build/memfault/libFrameworkArduino.a(main.cpp.o) (dbgPrintVersion)
.pio/build/memfault/libFrameworkArduino.a(utilities.c.o)
                              .pio/build/memfault/libFrameworkArduino.a(debug.cpp.o) (lookup_find)
.pio/build/memfault/libFrameworkArduino.a(wiring.c.o)
                              .pio/build/memfault/libFrameworkArduino.a(main.cpp.o) (init)
.pio/build/memfault/libFrameworkArduino.a(list.c.o)
                              .pio/build/memfault/libFrameworkArduino.a(queue.c.o) (vListInitialise)
.pio/build/memfault/libFrameworkArduino.a(heap_3.c.o)
                              .pio/build/memfault/libFrameworkArduino.a(queue.c.o) (pvPortMalloc)
.pio/build/memfault/libFrameworkArduinoVariant.a(variant.cpp.o)
                              .pio/build/memfault/libFrameworkArduino.a(wiring.c.o) (g_ADigitalPinMap)
.pio/build/memfault/libFrameworkArduino.a(wiring_digital.c.o)
                              .pio/build/memfault/libFrameworkArduinoVariant.a(variant.cpp.o) (pinMode)
/home/leroy/.platformio/packages/toolchain-gccarmnoneeabi@1.70201.0/bin/../lib/gcc/arm-none-eabi/7.2.1/../../../../arm-none-eabi/lib/thumb/v7e-m/fpv4-sp/hard/libg_nano.a(lib_a-exit.o)
                              /home/leroy/.platformio/packages/toolchain-gccarmnoneeabi@1.70201.0/bin/../lib/gcc/arm-none-eabi/7.2.1/../../../../arm-none-eabi/lib/thumb/v7e-m/fpv4-sp/hard/crt0.o (exit)
/home/leroy/.platformio/packages/toolchain-gccarmnoneeabi@1.70201.0/bin/../lib/gcc/arm-none-eabi/7.2.1/../../../../arm-none-eabi/lib/thumb/v7e-m/fpv4-sp/hard/libg_nano.a(lib_a-impure.o)
                              /home/leroy/.platformio/packages/toolchain-gccarmnoneeabi@1.70201.0/bin/../lib/gcc/arm-none-eabi/7.2.1/../../../../arm-none-eabi/lib/thumb/v7e-m/fpv4-sp/hard/libg_nano.a(lib_a-exit.o) (_global_impure_ptr)
/home/leroy/.platformio/packages/toolchain-gccarmnoneeabi@1.70201.0/bin/../lib/gcc/arm-none-eabi/7.2.1/../../../../arm-none-eabi/lib/thumb/v7e-m/fpv4-sp/hard/libg_nano.a(lib_a-init.o)
[...]
Memory Configuration

Name             Origin             Length             Attributes
FLASH            0x0000000000027000 0x00000000000c6000 xr
MEMFAULT_CORES   0x00000000000a1000 0x0000000000040000 rw
RSVD             0x00000000000e1000 0x000000000001f000 xrw
RAM              0x0000000020006000 0x000000000003a000 xrw
*default*        0x0000000000000000 0xffffffffffffffff

Linker script and memory map


.text           0x0000000000027000     0xbd94
 *(.isr_vector)
 .isr_vector    0x0000000000027000      0x200 .pio/build/memfault/libFrameworkArduino.a(gcc_startup_nrf52840.S.o)
                0x0000000000027000                __isr_vector
 *(.text*)
 .text          0x0000000000027200       0x40 /home/leroy/.platformio/packages/toolchain-gccarmnoneeabi@1.70201.0/bin/../lib/gcc/arm-none-eabi/7.2.1/thumb/v7e-m/fpv4-sp/hard/crtbegin.o
 .text          0x0000000000027240       0x74 /home/leroy/.platformio/packages/toolchain-gccarmnoneeabi@1.70201.0/bin/../lib/gcc/arm-none-eabi/7.2.1/../../../../arm-none-eabi/lib/thumb/v7e-m/fpv4-sp/hard/crt0.o
                0x0000000000027240                _mainCRTStartup
                0x0000000000027240                _start
 .text.TinyUSB_Device_Init
                0x00000000000272b4       0x10 .pio/build/memfault/libdb1/Adafruit_TinyUSB_Arduino/arduino/Adafruit_TinyUSB_API.cpp.o
                0x00000000000272b4                TinyUSB_Device_Init
 .text.TinyUSB_Device_FlushCDC
                0x00000000000272c4       0x1c .pio/build/memfault/libdb1/Adafruit_TinyUSB_Arduino/arduino/Adafruit_TinyUSB_API.cpp.o
                0x00000000000272c4                TinyUSB_Device_FlushCDC
 .text._ZN17Adafruit_USBD_CDC5writeEh
                0x00000000000272e0       0x18 .pio/build/memfault/libdb1/Adafruit_TinyUSB_Arduino/arduino/Adafruit_USBD_CDC.cpp.o
                0x00000000000272e0                Adafruit_USBD_CDC::write(unsigned char)
 .text._ZN17Adafruit_USBD_CDC22getInterfaceDescriptorEhPht
                0x00000000000272f8      0x124 .pio/build/memfault/libdb1/Adafruit_TinyUSB_Arduino/arduino/Adafruit_USBD_CDC.cpp.o
                0x00000000000272f8                Adafruit_USBD_CDC::getInterfaceDescriptor(unsigned char, unsigned char*, unsigned short)
 .text._ZThn16_N17Adafruit_USBD_CDC22getInterfaceDescriptorEhPht
                0x000000000002741c        0x8 .pio/build/memfault/libdb1/Adafruit_TinyUSB_Arduino/arduino/Adafruit_USBD_CDC.cpp.o
                0x000000000002741c                non-virtual thunk to Adafruit_USBD_CDC::getInterfaceDescriptor(unsigned char, unsigned char*, unsigned short)
 .text._ZN17Adafruit_USBD_CDC9availableEv
                0x0000000000027424       0x1e .pio/build/memfault/libdb1/Adafruit_TinyUSB_Arduino/arduino/Adafruit_USBD_CDC.cpp.o
                0x0000000000027424                Adafruit_USBD_CDC::available()
 .text._ZN17Adafruit_USBD_CDC4peekEv
                0x0000000000027442       0x2a .pio/build/memfault/libdb1/Adafruit_TinyUSB_Arduino/arduino/Adafruit_USBD_CDC.cpp.o
                0x0000000000027442                Adafruit_USBD_CDC::peek()
 .text._ZN17Adafruit_USBD_CDC4readEv
                0x000000000002746c       0x2c .pio/build/memfault/libdb1/Adafruit_TinyUSB_Arduino/arduino/Adafruit_USBD_CDC.cpp.o
                0x000000000002746c                Adafruit_USBD_CDC::read()
 .text._ZN17Adafruit_USBD_CDC5flushEv
                0x0000000000027498       0x10 .pio/build/memfault/libdb1/Adafruit_TinyUSB_Arduino/arduino/Adafruit_USBD_CDC.cpp.o
                0x0000000000027498                Adafruit_USBD_CDC::flush()
 .text._ZN17Adafruit_USBD_CDC5writeEPKhj
                0x00000000000274a8       0x3e .pio/build/memfault/libdb1/Adafruit_TinyUSB_Arduino/arduino/Adafruit_USBD_CDC.cpp.o
                0x00000000000274a8                Adafruit_USBD_CDC::write(unsigned char const*, unsigned int)
 .text._ZN17Adafruit_USBD_CDC17availableForWriteEv
                0x00000000000274e6       0x12 .pio/build/memfault/libdb1/Adafruit_TinyUSB_Arduino/arduino/Adafruit_USBD_CDC.cpp.o
                0x00000000000274e6                Adafruit_USBD_CDC::availableForWrite()
 .text._ZN17Adafruit_USBD_CDC16getInstanceCountEv
                0x00000000000274f8        0xc .pio/build/memfault/libdb1/Adafruit_TinyUSB_Arduino/arduino/Adafruit_USBD_CDC.cpp.o
                0x00000000000274f8                Adafruit_USBD_CDC::getInstanceCount()
 .text._ZN17Adafruit_USBD_CDCC2Ev
                0x0000000000027504       0x24 .pio/build/memfault/libdb1/Adafruit_TinyUSB_Arduino/arduino/Adafruit_USBD_CDC.cpp.o
                0x0000000000027504                Adafruit_USBD_CDC::Adafruit_USBD_CDC()
                0x0000000000027504                Adafruit_USBD_CDC::Adafruit_USBD_CDC()
 .text._Z41__static_initialization_and_destruction_0ii
                0x0000000000027528       0x20 .pio/build/memfault/libdb1/Adafruit_TinyUSB_Arduino/arduino/Adafruit_USBD_CDC.cpp.o
 .text._ZN17Adafruit_USBD_CDC5beginEm
                0x0000000000027548       0x38 .pio/build/memfault/libdb1/Adafruit_TinyUSB_Arduino/arduino/Adafruit_USBD_CDC.cpp.o
                0x0000000000027548                Adafruit_USBD_CDC::begin(unsigned long)
 .text._ZN17Adafruit_USBD_CDCcvbEv
                0x0000000000027580       0x1c .pio/build/memfault/libdb1/Adafruit_TinyUSB_Arduino/arduino/Adafruit_USBD_CDC.cpp.o
                0x0000000000027580                Adafruit_USBD_CDC::operator bool()
 .text.tud_cdc_line_state_cb
                0x000000000002759c       0x24 .pio/build/memfault/libdb1/Adafruit_TinyUSB_Arduino/arduino/Adafruit_USBD_CDC.cpp.o
                0x000000000002759c                tud_cdc_line_state_cb
 .text._GLOBAL__sub_I_Serial
                0x00000000000275c0        0xe .pio/build/memfault/libdb1/Adafruit_TinyUSB_Arduino/arduino/Adafruit_USBD_CDC.cpp.o
 .text._ZL13utf8CodepointPKhPm
                0x00000000000275ce       0xe6 .pio/build/memfault/libdb1/Adafruit_TinyUSB_Arduino/arduino/Adafruit_USBD_Device.cpp.o
 .text._ZL12strcpy_utf16PKcPti
                0x00000000000276b4       0x68 .pio/build/memfault/libdb1/Adafruit_TinyUSB_Arduino/arduino/Adafruit_USBD_Device.cpp.o
 .text._ZN20Adafruit_USBD_Device18clearConfigurationEv
                0x000000000002771c       0x90 .pio/build/memfault/libdb1/Adafruit_TinyUSB_Arduino/arduino/Adafruit_USBD_Device.cpp.o
                0x000000000002771c                Adafruit_USBD_Device::clearConfiguration()
 .text._ZN20Adafruit_USBD_Device12addInterfaceER23Adafruit_USBD_Interface
                0x00000000000277ac       0xb4 .pio/build/memfault/libdb1/Adafruit_TinyUSB_Arduino/arduino/Adafruit_USBD_Device.cpp.o
                0x00000000000277ac                Adafruit_USBD_Device::addInterface(Adafruit_USBD_Interface&)
 .text._ZN20Adafruit_USBD_Device5beginEh
                0x0000000000027860       0x30 .pio/build/memfault/libdb1/Adafruit_TinyUSB_Arduino/arduino/Adafruit_USBD_Device.cpp.o
                0x0000000000027860                Adafruit_USBD_Device::begin(unsigned char)
 .text._ZN20Adafruit_USBD_Device19getSerialDescriptorEPt
                0x0000000000027890       0x64 .pio/build/memfault/libdb1/Adafruit_TinyUSB_Arduino/arduino/Adafruit_USBD_Device.cpp.o
                0x0000000000027890                Adafruit_USBD_Device::getSerialDescriptor(unsigned short*)
 .text._ZN20Adafruit_USBD_Device20descriptor_string_cbEht
                0x00000000000278f4       0x52 .pio/build/memfault/libdb1/Adafruit_TinyUSB_Arduino/arduino/Adafruit_USBD_Device.cpp.o
                0x00000000000278f4                Adafruit_USBD_Device::descriptor_string_cb(unsigned char, unsigned short)
 *fill*         0x0000000000027946        0x2 
 .text.tud_descriptor_device_cb
                0x0000000000027948        0x8 .pio/build/memfault/libdb1/Adafruit_TinyUSB_Arduino/arduino/Adafruit_USBD_Device.cpp.o
                0x0000000000027948                tud_descriptor_device_cb
 .text.tud_descriptor_configuration_cb
                0x0000000000027950        0xc .pio/build/memfault/libdb1/Adafruit_TinyUSB_Arduino/arduino/Adafruit_USBD_Device.cpp.o
                0x0000000000027950                tud_descriptor_configuration_cb
 .text.tud_descriptor_string_cb
                0x000000000002795c       0x14 .pio/build/memfault/libdb1/Adafruit_TinyUSB_Arduino/arduino/Adafruit_USBD_Device.cpp.o
                0x000000000002795c                tud_descriptor_string_cb
 .text.tud_hid_descriptor_report_cb
                0x0000000000027970       0x14 .pio/build/memfault/libdb1/Adafruit_TinyUSB_Arduino/arduino/hid/Adafruit_USBD_HID.cpp.o
                0x0000000000027970                tud_hid_descriptor_report_cb
 .text.tud_hid_get_report_cb
                0x0000000000027984       0x2c .pio/build/memfault/libdb1/Adafruit_TinyUSB_Arduino/arduino/hid/Adafruit_USBD_HID.cpp.o
                0x0000000000027984                tud_hid_get_report_cb
 .text.tud_hid_set_report_cb
                0x00000000000279b0       0x24 .pio/build/memfault/libdb1/Adafruit_TinyUSB_Arduino/arduino/hid/Adafruit_USBD_HID.cpp.o
                0x00000000000279b0                tud_hid_set_report_cb
 .text._ZN17Adafruit_USBD_MSC9getMaxLunEv
                0x00000000000279d4        0x6 .pio/build/memfault/libdb1/Adafruit_TinyUSB_Arduino/arduino/msc/Adafruit_USBD_MSC.cpp.o
                0x00000000000279d4                Adafruit_USBD_MSC::getMaxLun()
 *fill*         0x00000000000279da        0x2 
 .text.tud_msc_get_maxlun_cb
                0x00000000000279dc       0x18 .pio/build/memfault/libdb1/Adafruit_TinyUSB_Arduino/arduino/msc/Adafruit_USBD_MSC.cpp.o
                0x00000000000279dc                tud_msc_get_maxlun_cb
 .text.tud_msc_inquiry_cb
                0x00000000000279f4       0x98 .pio/build/memfault/libdb1/Adafruit_TinyUSB_Arduino/arduino/msc/Adafruit_USBD_MSC.cpp.o
                0x00000000000279f4                tud_msc_inquiry_cb
 .text.tud_msc_test_unit_ready_cb
                0x0000000000027a8c       0x40 .pio/build/memfault/libdb1/Adafruit_TinyUSB_Arduino/arduino/msc/Adafruit_USBD_MSC.cpp.o
                0x0000000000027a8c                tud_msc_test_unit_ready_cb
 .text.tud_msc_capacity_cb
                0x0000000000027acc       0x28 .pio/build/memfault/libdb1/Adafruit_TinyUSB_Arduino/arduino/msc/Adafruit_USBD_MSC.cpp.o
                0x0000000000027acc                tud_msc_capacity_cb
 .text.tud_msc_scsi_cb
                0x0000000000027af4       0x28 .pio/build/memfault/libdb1/Adafruit_TinyUSB_Arduino/arduino/msc/Adafruit_USBD_MSC.cpp.o
                0x0000000000027af4                tud_msc_scsi_cb
 .text.tud_msc_read10_cb
                0x0000000000027b1c       0x30 .pio/build/memfault/libdb1/Adafruit_TinyUSB_Arduino/arduino/msc/Adafruit_USBD_MSC.cpp.o
                0x0000000000027b1c                tud_msc_read10_cb
 .text.tud_msc_write10_cb
                0x0000000000027b4c       0x30 .pio/build/memfault/libdb1/Adafruit_TinyUSB_Arduino/arduino/msc/Adafruit_USBD_MSC.cpp.o
                0x0000000000027b4c                tud_msc_write10_cb
 .text.tud_msc_write10_complete_cb
                0x0000000000027b7c       0x1c .pio/build/memfault/libdb1/Adafruit_TinyUSB_Arduino/arduino/msc/Adafruit_USBD_MSC.cpp.o
                0x0000000000027b7c                tud_msc_write10_complete_cb
 .text._ZL17usb_hardware_initv
                0x0000000000027b98       0x40 .pio/build/memfault/libdb1/Adafruit_TinyUSB_Arduino/arduino/ports/nrf/Adafruit_TinyUSB_nrf.cpp.o
 .text._ZL15usb_device_taskPv
                0x0000000000027bd8       0x1c .pio/build/memfault/libdb1/Adafruit_TinyUSB_Arduino/arduino/ports/nrf/Adafruit_TinyUSB_nrf.cpp.o
 .text._ZL19power_event_handler20nrfx_power_usb_evt_t
                0x0000000000027bf4        0x8 .pio/build/memfault/libdb1/Adafruit_TinyUSB_Arduino/arduino/ports/nrf/Adafruit_TinyUSB_nrf.cpp.o
 .text.USBD_IRQHandler
                0x0000000000027bfc        0xa .pio/build/memfault/libdb1/Adafruit_TinyUSB_Arduino/arduino/ports/nrf/Adafruit_TinyUSB_nrf.cpp.o
                0x0000000000027bfc                USBD_IRQHandler
 *fill*         0x0000000000027c06        0x2 
 .text._Z23TinyUSB_Port_InitDeviceh
                0x0000000000027c08       0x24 .pio/build/memfault/libdb1/Adafruit_TinyUSB_Arduino/arduino/ports/nrf/Adafruit_TinyUSB_nrf.cpp.o
                0x0000000000027c08                TinyUSB_Port_InitDevice(unsigned char)
 .text._Z21TinyUSB_Port_EnterDFUv
                0x0000000000027c2c        0x8 .pio/build/memfault/libdb1/Adafruit_TinyUSB_Arduino/arduino/ports/nrf/Adafruit_TinyUSB_nrf.cpp.o
                0x0000000000027c2c                TinyUSB_Port_EnterDFU()
 .text._Z28TinyUSB_Port_GetSerialNumberPh
                0x0000000000027c34       0x14 .pio/build/memfault/libdb1/Adafruit_TinyUSB_Arduino/arduino/ports/nrf/Adafruit_TinyUSB_nrf.cpp.o
                0x0000000000027c34                TinyUSB_Port_GetSerialNumber(unsigned char*)
 .text.tud_descriptor_bos_cb
                0x0000000000027c48        0x8 .pio/build/memfault/libdb1/Adafruit_TinyUSB_Arduino/arduino/webusb/Adafruit_USBD_WebUSB.cpp.o
                0x0000000000027c48                tud_descriptor_bos_cb
 .text.tud_vendor_control_xfer_cb
                0x0000000000027c50       0xb4 .pio/build/memfault/libdb1/Adafruit_TinyUSB_Arduino/arduino/webusb/Adafruit_USBD_WebUSB.cpp.o
                0x0000000000027c50                tud_vendor_control_xfer_cb
 .text._prep_out_transaction
                0x0000000000027d04       0x4e .pio/build/memfault/libdb1/Adafruit_TinyUSB_Arduino/class/cdc/cdc_device.c.o
 *fill*         0x0000000000027d52        0x2 
 .text.tud_cdc_n_connected
                0x0000000000027d54       0x40 .pio/build/memfault/libdb1/Adafruit_TinyUSB_Arduino/class/cdc/cdc_device.c.o
                0x0000000000027d54                tud_cdc_n_connected
 .text.tud_cdc_n_get_line_coding
                0x0000000000027d94       0x20 .pio/build/memfault/libdb1/Adafruit_TinyUSB_Arduino/class/cdc/cdc_device.c.o
                0x0000000000027d94                tud_cdc_n_get_line_coding
 .text.tud_cdc_n_available
                0x0000000000027db4       0x1c .pio/build/memfault/libdb1/Adafruit_TinyUSB_Arduino/class/cdc/cdc_device.c.o
                0x0000000000027db4                tud_cdc_n_available
 .text.tud_cdc_n_read
                0x0000000000027dd0       0x28 .pio/build/memfault/libdb1/Adafruit_TinyUSB_Arduino/class/cdc/cdc_device.c.o
                0x0000000000027dd0                tud_cdc_n_read
 .text.tud_cdc_n_peek
                0x0000000000027df8       0x1c .pio/build/memfault/libdb1/Adafruit_TinyUSB_Arduino/class/cdc/cdc_device.c.o
                0x0000000000027df8                tud_cdc_n_peek
 .text.tud_cdc_n_write_flush
                0x0000000000027e14       0xc0 .pio/build/memfault/libdb1/Adafruit_TinyUSB_Arduino/class/cdc/cdc_device.c.o
                0x0000000000027e14                tud_cdc_n_write_flush
 .text.tud_cdc_n_write
                0x0000000000027ed4       0x3c .pio/build/memfault/libdb1/Adafruit_TinyUSB_Arduino/class/cdc/cdc_device.c.o
                0x0000000000027ed4                tud_cdc_n_write
 .text.tud_cdc_n_write_available
                0x0000000000027f10       0x1c .pio/build/memfault/libdb1/Adafruit_TinyUSB_Arduino/class/cdc/cdc_device.c.o
                0x0000000000027f10                tud_cdc_n_write_available
 .text.cdcd_init
                0x0000000000027f2c       0xb0 .pio/build/memfault/libdb1/Adafruit_TinyUSB_Arduino/class/cdc/cdc_device.c.o
                0x0000000000027f2c                cdcd_init
 .text.cdcd_reset
                0x0000000000027fdc       0x44 .pio/build/memfault/libdb1/Adafruit_TinyUSB_Arduino/class/cdc/cdc_device.c.o
                0x0000000000027fdc                cdcd_reset
 .text.cdcd_open
                0x0000000000028020       0xf8 .pio/build/memfault/libdb1/Adafruit_TinyUSB_Arduino/class/cdc/cdc_device.c.o
                0x0000000000028020                cdcd_open
 .text.cdcd_control_xfer_cb
                0x0000000000028118      0x10c .pio/build/memfault/libdb1/Adafruit_TinyUSB_Arduino/class/cdc/cdc_device.c.o
                0x0000000000028118                cdcd_control_xfer_cb
 .text.cdcd_xfer_cb
                0x0000000000028224      0x120 .pio/build/memfault/libdb1/Adafruit_TinyUSB_Arduino/class/cdc/cdc_device.c.o
                0x0000000000028224                cdcd_xfer_cb
 .text.hidd_reset
                0x0000000000028344       0x14 .pio/build/memfault/libdb1/Adafruit_TinyUSB_Arduino/class/hid/hid_device.c.o
                0x0000000000028344                hidd_reset
 .text.hidd_init
                0x0000000000028358        0xa .pio/build/memfault/libdb1/Adafruit_TinyUSB_Arduino/class/hid/hid_device.c.o
                0x0000000000028358                hidd_init
 *fill*         0x0000000000028362        0x2 
 .text.hidd_open
                0x0000000000028364      0x110 .pio/build/memfault/libdb1/Adafruit_TinyUSB_Arduino/class/hid/hid_device.c.o
                0x0000000000028364                hidd_open
 .text.hidd_control_xfer_cb
                0x0000000000028474      0x278 .pio/build/memfault/libdb1/Adafruit_TinyUSB_Arduino/class/hid/hid_device.c.o
                0x0000000000028474                hidd_control_xfer_cb
 .text.hidd_xfer_cb
                0x00000000000286ec       0xa8 .pio/build/memfault/libdb1/Adafruit_TinyUSB_Arduino/class/hid/hid_device.c.o
                0x00000000000286ec                hidd_xfer_cb
 .text._prep_out_transaction
                0x0000000000028794       0x44 .pio/build/memfault/libdb1/Adafruit_TinyUSB_Arduino/class/midi/midi_device.c.o
 .text.write_flush
                0x00000000000287d8       0x68 .pio/build/memfault/libdb1/Adafruit_TinyUSB_Arduino/class/midi/midi_device.c.o
 .text.midid_init
                0x0000000000028840       0x8c .pio/build/memfault/libdb1/Adafruit_TinyUSB_Arduino/class/midi/midi_device.c.o
                0x0000000000028840                midid_init
 .text.midid_reset
                0x00000000000288cc       0x3c .pio/build/memfault/libdb1/Adafruit_TinyUSB_Arduino/class/midi/midi_device.c.o
                0x00000000000288cc                midid_reset
 .text.midid_open
                0x0000000000028908      0x130 .pio/build/memfault/libdb1/Adafruit_TinyUSB_Arduino/class/midi/midi_device.c.o
                0x0000000000028908                midid_open
 .text.midid_control_xfer_cb
                0x0000000000028a38        0x4 .pio/build/memfault/libdb1/Adafruit_TinyUSB_Arduino/class/midi/midi_device.c.o
                0x0000000000028a38                midid_control_xfer_cb
 .text.midid_xfer_cb
                0x0000000000028a3c       0xc4 .pio/build/memfault/libdb1/Adafruit_TinyUSB_Arduino/class/midi/midi_device.c.o
                0x0000000000028a3c                midid_xfer_cb
 .text.proc_bot_reset
                0x0000000000028b00       0x18 .pio/build/memfault/libdb1/Adafruit_TinyUSB_Arduino/class/msc/msc_device.c.o
 .text.rdwr10_validate_cmd
                0x0000000000028b18       0x6e .pio/build/memfault/libdb1/Adafruit_TinyUSB_Arduino/class/msc/msc_device.c.o
                0x0000000000028b18                rdwr10_validate_cmd
 *fill*         0x0000000000028b86        0x2 
 .text.tud_msc_set_sense
                0x0000000000028b88       0x18 .pio/build/memfault/libdb1/Adafruit_TinyUSB_Arduino/class/msc/msc_device.c.o
                0x0000000000028b88                tud_msc_set_sense
 .text.proc_builtin_scsi
                0x0000000000028ba0      0x284 .pio/build/memfault/libdb1/Adafruit_TinyUSB_Arduino/class/msc/msc_device.c.o
 .text.fail_scsi_op
                0x0000000000028e24       0x50 .pio/build/memfault/libdb1/Adafruit_TinyUSB_Arduino/class/msc/msc_device.c.o
 .text.proc_write10_cmd
                0x0000000000028e74       0x64 .pio/build/memfault/libdb1/Adafruit_TinyUSB_Arduino/class/msc/msc_device.c.o
 .text.proc_read10_cmd
                0x0000000000028ed8       0xa0 .pio/build/memfault/libdb1/Adafruit_TinyUSB_Arduino/class/msc/msc_device.c.o
 .text.proc_write10_new_data
                0x0000000000028f78       0xb0 .pio/build/memfault/libdb1/Adafruit_TinyUSB_Arduino/class/msc/msc_device.c.o
 .text.mscd_init
                0x0000000000029028       0x14 .pio/build/memfault/libdb1/Adafruit_TinyUSB_Arduino/class/msc/msc_device.c.o
                0x0000000000029028                mscd_init
 .text.mscd_reset
                0x000000000002903c       0x14 .pio/build/memfault/libdb1/Adafruit_TinyUSB_Arduino/class/msc/msc_device.c.o
                0x000000000002903c                mscd_reset
 .text.mscd_open
                0x0000000000029050       0xac .pio/build/memfault/libdb1/Adafruit_TinyUSB_Arduino/class/msc/msc_device.c.o
                0x0000000000029050                mscd_open
 .text.mscd_control_xfer_cb
                0x00000000000290fc      0x16c .pio/build/memfault/libdb1/Adafruit_TinyUSB_Arduino/class/msc/msc_device.c.o
                0x00000000000290fc                mscd_control_xfer_cb
 .text.mscd_xfer_cb
                0x0000000000029268      0x33c .pio/build/memfault/libdb1/Adafruit_TinyUSB_Arduino/class/msc/msc_device.c.o
                0x0000000000029268                mscd_xfer_cb
 .text._prep_out_transaction
                0x00000000000295a4       0x2a .pio/build/memfault/libdb1/Adafruit_TinyUSB_Arduino/class/vendor/vendor_device.c.o
 *fill*         0x00000000000295ce        0x2 
 .text.maybe_transmit
                0x00000000000295d0       0x50 .pio/build/memfault/libdb1/Adafruit_TinyUSB_Arduino/class/vendor/vendor_device.c.o
 .text.vendord_init
                0x0000000000029620       0x90 .pio/build/memfault/libdb1/Adafruit_TinyUSB_Arduino/class/vendor/vendor_device.c.o
                0x0000000000029620                vendord_init
 .text.vendord_reset
                0x00000000000296b0       0x38 .pio/build/memfault/libdb1/Adafruit_TinyUSB_Arduino/class/vendor/vendor_device.c.o
                0x00000000000296b0                vendord_reset
 .text.vendord_open
                0x00000000000296e8       0xe0 .pio/build/memfault/libdb1/Adafruit_TinyUSB_Arduino/class/vendor/vendor_device.c.o
                0x00000000000296e8                vendord_open
 .text.vendord_xfer_cb
                0x00000000000297c8       0x64 .pio/build/memfault/libdb1/Adafruit_TinyUSB_Arduino/class/vendor/vendor_device.c.o
                0x00000000000297c8                vendord_xfer_cb
 .text.advance_pointer
                0x000000000002982c       0x18 .pio/build/memfault/libdb1/Adafruit_TinyUSB_Arduino/common/tusb_fifo.c.o
 .text.backward_pointer
                0x0000000000029844       0x22 .pio/build/memfault/libdb1/Adafruit_TinyUSB_Arduino/common/tusb_fifo.c.o
 .text.get_relative_pointer
                0x0000000000029866       0x10 .pio/build/memfault/libdb1/Adafruit_TinyUSB_Arduino/common/tusb_fifo.c.o
 .text._tu_fifo_peek
                0x0000000000029876       0x4c .pio/build/memfault/libdb1/Adafruit_TinyUSB_Arduino/common/tusb_fifo.c.o
 .text._ff_pull_const_addr
                0x00000000000298c2       0x36 .pio/build/memfault/libdb1/Adafruit_TinyUSB_Arduino/common/tusb_fifo.c.o
 .text._ff_pull_n
                0x00000000000298f8       0xf0 .pio/build/memfault/libdb1/Adafruit_TinyUSB_Arduino/common/tusb_fifo.c.o
 .text._tu_fifo_peek_n
                0x00000000000299e8       0x5e .pio/build/memfault/libdb1/Adafruit_TinyUSB_Arduino/common/tusb_fifo.c.o
 .text._tu_fifo_read_n
                0x0000000000029a46       0x4c .pio/build/memfault/libdb1/Adafruit_TinyUSB_Arduino/common/tusb_fifo.c.o
 .text._ff_push_const_addr
                0x0000000000029a92       0x30 .pio/build/memfault/libdb1/Adafruit_TinyUSB_Arduino/common/tusb_fifo.c.o
 .text._ff_push_n
                0x0000000000029ac2       0xf6 .pio/build/memfault/libdb1/Adafruit_TinyUSB_Arduino/common/tusb_fifo.c.o
 .text._tu_fifo_write_n
                0x0000000000029bb8       0x98 .pio/build/memfault/libdb1/Adafruit_TinyUSB_Arduino/common/tusb_fifo.c.o
 .text.tu_fifo_config
                0x0000000000029c50       0x6c .pio/build/memfault/libdb1/Adafruit_TinyUSB_Arduino/common/tusb_fifo.c.o
                0x0000000000029c50                tu_fifo_config
 .text.tu_fifo_count
                0x0000000000029cbc       0x20 .pio/build/memfault/libdb1/Adafruit_TinyUSB_Arduino/common/tusb_fifo.c.o
                0x0000000000029cbc                tu_fifo_count
 .text.tu_fifo_empty
                0x0000000000029cdc       0x12 .pio/build/memfault/libdb1/Adafruit_TinyUSB_Arduino/common/tusb_fifo.c.o
                0x0000000000029cdc                tu_fifo_empty
 .text.tu_fifo_remaining
                0x0000000000029cee       0x24 .pio/build/memfault/libdb1/Adafruit_TinyUSB_Arduino/common/tusb_fifo.c.o
                0x0000000000029cee                tu_fifo_remaining
 .text.tu_fifo_read_n
                0x0000000000029d12        0xa .pio/build/memfault/libdb1/Adafruit_TinyUSB_Arduino/common/tusb_fifo.c.o
                0x0000000000029d12                tu_fifo_read_n
 .text.tu_fifo_peek
                0x0000000000029d1c       0x32 .pio/build/memfault/libdb1/Adafruit_TinyUSB_Arduino/common/tusb_fifo.c.o
                0x0000000000029d1c                tu_fifo_peek
 .text.tu_fifo_write_n
                0x0000000000029d4e        0xa .pio/build/memfault/libdb1/Adafruit_TinyUSB_Arduino/common/tusb_fifo.c.o
                0x0000000000029d4e                tu_fifo_write_n
 .text.tu_fifo_clear
                0x0000000000029d58       0x50 .pio/build/memfault/libdb1/Adafruit_TinyUSB_Arduino/common/tusb_fifo.c.o
                0x0000000000029d58                tu_fifo_clear
 .text.tu_fifo_set_overwritable
                0x0000000000029da8       0x40 .pio/build/memfault/libdb1/Adafruit_TinyUSB_Arduino/common/tusb_fifo.c.o
                0x0000000000029da8                tu_fifo_set_overwritable
 .text.configuration_reset
                0x0000000000029de8       0x88 .pio/build/memfault/libdb1/Adafruit_TinyUSB_Arduino/device/usbd.c.o
 .text.usbd_reset
                0x0000000000029e70        0xc .pio/build/memfault/libdb1/Adafruit_TinyUSB_Arduino/device/usbd.c.o
 .text.invoke_class_control
                0x0000000000029e7c       0x1a .pio/build/memfault/libdb1/Adafruit_TinyUSB_Arduino/device/usbd.c.o
 *fill*         0x0000000000029e96        0x2 
 .text.process_set_config
                0x0000000000029e98      0x1a8 .pio/build/memfault/libdb1/Adafruit_TinyUSB_Arduino/device/usbd.c.o
 .text.process_get_descriptor
                0x000000000002a040       0xf0 .pio/build/memfault/libdb1/Adafruit_TinyUSB_Arduino/device/usbd.c.o
 .text.tud_mounted
                0x000000000002a130       0x10 .pio/build/memfault/libdb1/Adafruit_TinyUSB_Arduino/device/usbd.c.o
                0x000000000002a130                tud_mounted
 .text.tud_suspended
                0x000000000002a140       0x10 .pio/build/memfault/libdb1/Adafruit_TinyUSB_Arduino/device/usbd.c.o
                0x000000000002a140                tud_suspended
 .text.tud_inited
                0x000000000002a150        0xc .pio/build/memfault/libdb1/Adafruit_TinyUSB_Arduino/device/usbd.c.o
                0x000000000002a150                tud_inited
 .text.tud_init
                0x000000000002a15c       0xf4 .pio/build/memfault/libdb1/Adafruit_TinyUSB_Arduino/device/usbd.c.o
                0x000000000002a15c                tud_init
 .text.dcd_event_handler
                0x000000000002a250      0x1bc .pio/build/memfault/libdb1/Adafruit_TinyUSB_Arduino/device/usbd.c.o
                0x000000000002a250                dcd_event_handler
 .text.dcd_event_bus_signal
                0x000000000002a40c       0x28 .pio/build/memfault/libdb1/Adafruit_TinyUSB_Arduino/device/usbd.c.o
                0x000000000002a40c                dcd_event_bus_signal
 .text.dcd_event_bus_reset
                0x000000000002a434       0x2e .pio/build/memfault/libdb1/Adafruit_TinyUSB_Arduino/device/usbd.c.o
                0x000000000002a434                dcd_event_bus_reset
 .text.dcd_event_setup_received
                0x000000000002a462       0x34 .pio/build/memfault/libdb1/Adafruit_TinyUSB_Arduino/device/usbd.c.o
                0x000000000002a462                dcd_event_setup_received
 .text.dcd_event_xfer_complete
                0x000000000002a496       0x30 .pio/build/memfault/libdb1/Adafruit_TinyUSB_Arduino/device/usbd.c.o
                0x000000000002a496                dcd_event_xfer_complete
 .text.usbd_defer_func
                0x000000000002a4c6       0x20 .pio/build/memfault/libdb1/Adafruit_TinyUSB_Arduino/device/usbd.c.o
                0x000000000002a4c6                usbd_defer_func
 *fill*         0x000000000002a4e6        0x2 
 .text.usbd_edpt_open
                0x000000000002a4e8       0x58 .pio/build/memfault/libdb1/Adafruit_TinyUSB_Arduino/device/usbd.c.o
                0x000000000002a4e8                usbd_edpt_open
 .text.usbd_open_edpt_pair
                0x000000000002a540       0x80 .pio/build/memfault/libdb1/Adafruit_TinyUSB_Arduino/device/usbd.c.o
                0x000000000002a540                usbd_open_edpt_pair
 .text.usbd_edpt_claim
                0x000000000002a5c0       0x9c .pio/build/memfault/libdb1/Adafruit_TinyUSB_Arduino/device/usbd.c.o
                0x000000000002a5c0                usbd_edpt_claim
 .text.usbd_edpt_release
                0x000000000002a65c       0x74 .pio/build/memfault/libdb1/Adafruit_TinyUSB_Arduino/device/usbd.c.o
                0x000000000002a65c                usbd_edpt_release
 .text.usbd_edpt_xfer
                0x000000000002a6d0       0x78 .pio/build/memfault/libdb1/Adafruit_TinyUSB_Arduino/device/usbd.c.o
                0x000000000002a6d0                usbd_edpt_xfer
 .text.usbd_edpt_busy
                0x000000000002a748       0x1c .pio/build/memfault/libdb1/Adafruit_TinyUSB_Arduino/device/usbd.c.o
                0x000000000002a748                usbd_edpt_busy
 .text.usbd_edpt_stall
                0x000000000002a764       0x48 .pio/build/memfault/libdb1/Adafruit_TinyUSB_Arduino/device/usbd.c.o
                0x000000000002a764                usbd_edpt_stall
 .text.usbd_edpt_clear_stall
                0x000000000002a7ac       0x48 .pio/build/memfault/libdb1/Adafruit_TinyUSB_Arduino/device/usbd.c.o
                0x000000000002a7ac                usbd_edpt_clear_stall
 .text.usbd_edpt_stalled
                0x000000000002a7f4       0x1c .pio/build/memfault/libdb1/Adafruit_TinyUSB_Arduino/device/usbd.c.o
                0x000000000002a7f4                usbd_edpt_stalled
 .text.process_control_request
                0x000000000002a810      0x3f8 .pio/build/memfault/libdb1/Adafruit_TinyUSB_Arduino/device/usbd.c.o
 .text.tud_task
                0x000000000002ac08      0x23c .pio/build/memfault/libdb1/Adafruit_TinyUSB_Arduino/device/usbd.c.o
                0x000000000002ac08                tud_task
 .text._data_stage_xact
                0x000000000002ae44       0x54 .pio/build/memfault/libdb1/Adafruit_TinyUSB_Arduino/device/usbd_control.c.o
 .text.tud_control_status
                0x000000000002ae98       0x38 .pio/build/memfault/libdb1/Adafruit_TinyUSB_Arduino/device/usbd_control.c.o
                0x000000000002ae98                tud_control_status
 .text.tud_control_xfer
                0x000000000002aed0       0x88 .pio/build/memfault/libdb1/Adafruit_TinyUSB_Arduino/device/usbd_control.c.o
                0x000000000002aed0                tud_control_xfer
 .text.usbd_control_reset
                0x000000000002af58       0x14 .pio/build/memfault/libdb1/Adafruit_TinyUSB_Arduino/device/usbd_control.c.o
                0x000000000002af58                usbd_control_reset
 .text.usbd_control_set_complete_callback
                0x000000000002af6c        0xc .pio/build/memfault/libdb1/Adafruit_TinyUSB_Arduino/device/usbd_control.c.o
                0x000000000002af6c                usbd_control_set_complete_callback
 .text.usbd_control_set_request
                0x000000000002af78       0x1c .pio/build/memfault/libdb1/Adafruit_TinyUSB_Arduino/device/usbd_control.c.o
                0x000000000002af78                usbd_control_set_request
 .text.usbd_control_xfer_cb
                0x000000000002af94      0x100 .pio/build/memfault/libdb1/Adafruit_TinyUSB_Arduino/device/usbd_control.c.o
                0x000000000002af94                usbd_control_xfer_cb
 .text.nrf52_errata_166
                0x000000000002b094       0x24 .pio/build/memfault/libdb1/Adafruit_TinyUSB_Arduino/portable/nordic/nrf5x/dcd_nrf5x.c.o
 .text.nrf52_errata_171
                0x000000000002b0b8       0x24 .pio/build/memfault/libdb1/Adafruit_TinyUSB_Arduino/portable/nordic/nrf5x/dcd_nrf5x.c.o
 .text.nrf52_errata_187
                0x000000000002b0dc       0x24 .pio/build/memfault/libdb1/Adafruit_TinyUSB_Arduino/portable/nordic/nrf5x/dcd_nrf5x.c.o
 .text.sd_clock_hfclk_request
                0x000000000002b100        0x4 .pio/build/memfault/libdb1/Adafruit_TinyUSB_Arduino/portable/nordic/nrf5x/dcd_nrf5x.c.o
 .text.sd_clock_hfclk_release
                0x000000000002b104        0x4 .pio/build/memfault/libdb1/Adafruit_TinyUSB_Arduino/portable/nordic/nrf5x/dcd_nrf5x.c.o
 .text.sd_clock_hfclk_is_running
                0x000000000002b108        0x4 .pio/build/memfault/libdb1/Adafruit_TinyUSB_Arduino/portable/nordic/nrf5x/dcd_nrf5x.c.o
 .text.start_dma
                0x000000000002b10c       0x30 .pio/build/memfault/libdb1/Adafruit_TinyUSB_Arduino/portable/nordic/nrf5x/dcd_nrf5x.c.o
 .text.edpt_dma_end
                0x000000000002b13c       0x28 .pio/build/memfault/libdb1/Adafruit_TinyUSB_Arduino/portable/nordic/nrf5x/dcd_nrf5x.c.o
 .text.sd_softdevice_is_enabled
                0x000000000002b164        0x4 .pio/build/memfault/libdb1/Adafruit_TinyUSB_Arduino/portable/nordic/nrf5x/dcd_nrf5x.c.o
 .text.hfclk_running
                0x000000000002b168       0x68 .pio/build/memfault/libdb1/Adafruit_TinyUSB_Arduino/portable/nordic/nrf5x/dcd_nrf5x.c.o
 .text.hfclk_enable
                0x000000000002b1d0       0x54 .pio/build/memfault/libdb1/Adafruit_TinyUSB_Arduino/portable/nordic/nrf5x/dcd_nrf5x.c.o
 .text.hfclk_disable
                0x000000000002b224       0x44 .pio/build/memfault/libdb1/Adafruit_TinyUSB_Arduino/portable/nordic/nrf5x/dcd_nrf5x.c.o
 .text.dcd_init
                0x000000000002b268        0x2 .pio/build/memfault/libdb1/Adafruit_TinyUSB_Arduino/portable/nordic/nrf5x/dcd_nrf5x.c.o
                0x000000000002b268                dcd_init
 *fill*         0x000000000002b26a        0x2 
 .text.dcd_int_enable
                0x000000000002b26c        0xc .pio/build/memfault/libdb1/Adafruit_TinyUSB_Arduino/portable/nordic/nrf5x/dcd_nrf5x.c.o
                0x000000000002b26c                dcd_int_enable
 .text.dcd_int_disable
                0x000000000002b278       0x18 .pio/build/memfault/libdb1/Adafruit_TinyUSB_Arduino/portable/nordic/nrf5x/dcd_nrf5x.c.o
                0x000000000002b278                dcd_int_disable
 .text.edpt_dma_start
                0x000000000002b290       0x74 .pio/build/memfault/libdb1/Adafruit_TinyUSB_Arduino/portable/nordic/nrf5x/dcd_nrf5x.c.o
 .text.xact_out_dma
                0x000000000002b304       0x84 .pio/build/memfault/libdb1/Adafruit_TinyUSB_Arduino/portable/nordic/nrf5x/dcd_nrf5x.c.o
 .text.xact_in_dma
                0x000000000002b388       0x4c .pio/build/memfault/libdb1/Adafruit_TinyUSB_Arduino/portable/nordic/nrf5x/dcd_nrf5x.c.o
 .text.dcd_set_address
                0x000000000002b3d4       0x24 .pio/build/memfault/libdb1/Adafruit_TinyUSB_Arduino/portable/nordic/nrf5x/dcd_nrf5x.c.o
                0x000000000002b3d4                dcd_set_address
 .text.dcd_edpt_open
                0x000000000002b3f8      0x13c .pio/build/memfault/libdb1/Adafruit_TinyUSB_Arduino/portable/nordic/nrf5x/dcd_nrf5x.c.o
                0x000000000002b3f8                dcd_edpt_open
 .text.dcd_edpt_close_all
                0x000000000002b534       0x88 .pio/build/memfault/libdb1/Adafruit_TinyUSB_Arduino/portable/nordic/nrf5x/dcd_nrf5x.c.o
                0x000000000002b534                dcd_edpt_close_all
 .text.dcd_edpt_xfer
                0x000000000002b5bc       0xcc .pio/build/memfault/libdb1/Adafruit_TinyUSB_Arduino/portable/nordic/nrf5x/dcd_nrf5x.c.o
                0x000000000002b5bc                dcd_edpt_xfer
 .text.dcd_edpt_stall
                0x000000000002b688       0x6c .pio/build/memfault/libdb1/Adafruit_TinyUSB_Arduino/portable/nordic/nrf5x/dcd_nrf5x.c.o
                0x000000000002b688                dcd_edpt_stall
 .text.dcd_edpt_clear_stall
                0x000000000002b6f4       0x40 .pio/build/memfault/libdb1/Adafruit_TinyUSB_Arduino/portable/nordic/nrf5x/dcd_nrf5x.c.o
                0x000000000002b6f4                dcd_edpt_clear_stall
 .text.bus_reset
                0x000000000002b734       0x70 .pio/build/memfault/libdb1/Adafruit_TinyUSB_Arduino/portable/nordic/nrf5x/dcd_nrf5x.c.o
                0x000000000002b734                bus_reset
 .text.dcd_int_handler
                0x000000000002b7a4      0x380 .pio/build/memfault/libdb1/Adafruit_TinyUSB_Arduino/portable/nordic/nrf5x/dcd_nrf5x.c.o
                0x000000000002b7a4                dcd_int_handler
 .text.tusb_hal_nrf_power_event
                0x000000000002bb24      0x1d4 .pio/build/memfault/libdb1/Adafruit_TinyUSB_Arduino/portable/nordic/nrf5x/dcd_nrf5x.c.o
                0x000000000002bb24                tusb_hal_nrf_power_event
 .text.tusb_init
                0x000000000002bcf8       0x20 .pio/build/memfault/libdb1/Adafruit_TinyUSB_Arduino/tusb.c.o
                0x000000000002bcf8                tusb_init
 .text.tusb_inited
                0x000000000002bd18        0xc .pio/build/memfault/libdb1/Adafruit_TinyUSB_Arduino/tusb.c.o
                0x000000000002bd18                tusb_inited
 .text.tu_edpt_validate
                0x000000000002bd24       0xb0 .pio/build/memfault/libdb1/Adafruit_TinyUSB_Arduino/tusb.c.o
                0x000000000002bd24                tu_edpt_validate
 .text.tu_edpt_bind_driver
                0x000000000002bdd4       0x2e .pio/build/memfault/libdb1/Adafruit_TinyUSB_Arduino/tusb.c.o
                0x000000000002bdd4                tu_edpt_bind_driver
 .text.setup    0x000000000002be02        0x2 .pio/build/memfault/src/main.cpp.o
                0x000000000002be02                setup
 .text.loop     0x000000000002be04        0x2 .pio/build/memfault/src/main.cpp.o
                0x000000000002be04                loop
 .text.prvGetDisinheritPriorityAfterTimeout
                0x000000000002be06       0x12 .pio/build/memfault/libFrameworkArduino.a(queue.c.o)
 .text.prvIsQueueFull
                0x000000000002be18       0x1e .pio/build/memfault/libFrameworkArduino.a(queue.c.o)
 .text.prvIsQueueEmpty
                0x000000000002be36       0x1a .pio/build/memfault/libFrameworkArduino.a(queue.c.o)
 .text.prvCopyDataToQueue
                0x000000000002be50       0x76 .pio/build/memfault/libFrameworkArduino.a(queue.c.o)
 .text.prvCopyDataFromQueue
                0x000000000002bec6       0x24 .pio/build/memfault/libFrameworkArduino.a(queue.c.o)
 .text.prvUnlockQueue
                0x000000000002beea       0x6e .pio/build/memfault/libFrameworkArduino.a(queue.c.o)
 .text.xQueueGenericReset
                0x000000000002bf58       0x74 .pio/build/memfault/libFrameworkArduino.a(queue.c.o)
                0x000000000002bf58                xQueueGenericReset
 .text.prvInitialiseNewQueue
                0x000000000002bfcc       0x22 .pio/build/memfault/libFrameworkArduino.a(queue.c.o)
 .text.xQueueGenericCreateStatic
                0x000000000002bfee       0x1e .pio/build/memfault/libFrameworkArduino.a(queue.c.o)
                0x000000000002bfee                xQueueGenericCreateStatic
 .text.xQueueGenericCreate
                0x000000000002c00c       0x3a .pio/build/memfault/libFrameworkArduino.a(queue.c.o)
                0x000000000002c00c                xQueueGenericCreate
 *fill*         0x000000000002c046        0x2 
 .text.xQueueGenericSend
                0x000000000002c048      0x11c .pio/build/memfault/libFrameworkArduino.a(queue.c.o)
                0x000000000002c048                xQueueGenericSend
 .text.prvInitialiseMutex
                0x000000000002c164       0x18 .pio/build/memfault/libFrameworkArduino.a(queue.c.o)
 .text.xQueueCreateMutexStatic
                0x000000000002c17c       0x1e .pio/build/memfault/libFrameworkArduino.a(queue.c.o)
                0x000000000002c17c                xQueueCreateMutexStatic
 .text.xQueueGenericSendFromISR
                0x000000000002c19a       0x64 .pio/build/memfault/libFrameworkArduino.a(queue.c.o)
                0x000000000002c19a                xQueueGenericSendFromISR
 *fill*         0x000000000002c1fe        0x2 
 .text.xQueueReceive
                0x000000000002c200      0x110 .pio/build/memfault/libFrameworkArduino.a(queue.c.o)
                0x000000000002c200                xQueueReceive
 .text.xQueueSemaphoreTake
                0x000000000002c310      0x14c .pio/build/memfault/libFrameworkArduino.a(queue.c.o)
                0x000000000002c310                xQueueSemaphoreTake
 .text.vQueueAddToRegistry
                0x000000000002c45c       0x28 .pio/build/memfault/libFrameworkArduino.a(queue.c.o)
                0x000000000002c45c                vQueueAddToRegistry
 .text.vQueueWaitForMessageRestricted
                0x000000000002c484       0x52 .pio/build/memfault/libFrameworkArduino.a(queue.c.o)
                0x000000000002c484                vQueueWaitForMessageRestricted
 *fill*         0x000000000002c4d6        0x2 
 .text.prvGetExpectedIdleTime
                0x000000000002c4d8       0x4c .pio/build/memfault/libFrameworkArduino.a(tasks.c.o)
 .text.prvResetNextTaskUnblockTime
                0x000000000002c524       0x2c .pio/build/memfault/libFrameworkArduino.a(tasks.c.o)
 .text.prvInitialiseNewTask
                0x000000000002c550       0x90 .pio/build/memfault/libFrameworkArduino.a(tasks.c.o)
 .text.prvInitialiseTaskLists
                0x000000000002c5e0       0x68 .pio/build/memfault/libFrameworkArduino.a(tasks.c.o)
 .text.prvAddNewTaskToReadyList
                0x000000000002c648       0xac .pio/build/memfault/libFrameworkArduino.a(tasks.c.o)
 .text.prvDeleteTCB
                0x000000000002c6f4       0x24 .pio/build/memfault/libFrameworkArduino.a(tasks.c.o)
 .text.prvCheckTasksWaitingTermination
                0x000000000002c718       0x4c .pio/build/memfault/libFrameworkArduino.a(tasks.c.o)
 .text.prvAddCurrentTaskToDelayedList
                0x000000000002c764       0x7c .pio/build/memfault/libFrameworkArduino.a(tasks.c.o)
 .text.xTaskCreateStatic
                0x000000000002c7e0       0x38 .pio/build/memfault/libFrameworkArduino.a(tasks.c.o)
                0x000000000002c7e0                xTaskCreateStatic
 .text.xTaskCreate
                0x000000000002c818       0x66 .pio/build/memfault/libFrameworkArduino.a(tasks.c.o)
                0x000000000002c818                xTaskCreate
 *fill*         0x000000000002c87e        0x2 
 .text.vTaskStartScheduler
                0x000000000002c880       0x78 .pio/build/memfault/libFrameworkArduino.a(tasks.c.o)
                0x000000000002c880                vTaskStartScheduler
 .text.vTaskSuspendAll
                0x000000000002c8f8       0x10 .pio/build/memfault/libFrameworkArduino.a(tasks.c.o)
                0x000000000002c8f8                vTaskSuspendAll
 .text.xTaskGetTickCount
                0x000000000002c908        0xc .pio/build/memfault/libFrameworkArduino.a(tasks.c.o)
                0x000000000002c908                xTaskGetTickCount
 .text.pcTaskGetName
                0x000000000002c914       0x14 .pio/build/memfault/libFrameworkArduino.a(tasks.c.o)
                0x000000000002c914                pcTaskGetName
 .text.vTaskStepTick
                0x000000000002c928       0x10 .pio/build/memfault/libFrameworkArduino.a(tasks.c.o)
                0x000000000002c928                vTaskStepTick
 .text.xTaskIncrementTick
                0x000000000002c938       0xe8 .pio/build/memfault/libFrameworkArduino.a(tasks.c.o)
                0x000000000002c938                xTaskIncrementTick
 .text.xTaskResumeAll
                0x000000000002ca20       0xe4 .pio/build/memfault/libFrameworkArduino.a(tasks.c.o)
                0x000000000002ca20                xTaskResumeAll
 .text.prvIdleTask
                0x000000000002cb04       0x50 .pio/build/memfault/libFrameworkArduino.a(tasks.c.o)
 .text.vTaskSwitchContext
                0x000000000002cb54       0xa0 .pio/build/memfault/libFrameworkArduino.a(tasks.c.o)
                0x000000000002cb54                vTaskSwitchContext
 .text.vTaskPlaceOnEventList
                0x000000000002cbf4       0x1c .pio/build/memfault/libFrameworkArduino.a(tasks.c.o)
                0x000000000002cbf4                vTaskPlaceOnEventList
 .text.vTaskPlaceOnEventListRestricted
                0x000000000002cc10       0x24 .pio/build/memfault/libFrameworkArduino.a(tasks.c.o)
                0x000000000002cc10                vTaskPlaceOnEventListRestricted
 .text.xTaskRemoveFromEventList
                0x000000000002cc34       0x7c .pio/build/memfault/libFrameworkArduino.a(tasks.c.o)
                0x000000000002cc34                xTaskRemoveFromEventList
 .text.vTaskInternalSetTimeOutState
                0x000000000002ccb0       0x18 .pio/build/memfault/libFrameworkArduino.a(tasks.c.o)
                0x000000000002ccb0                vTaskInternalSetTimeOutState
 .text.xTaskCheckForTimeOut
                0x000000000002ccc8       0x58 .pio/build/memfault/libFrameworkArduino.a(tasks.c.o)
                0x000000000002ccc8                xTaskCheckForTimeOut
 .text.vTaskMissedYield
                0x000000000002cd20        0xc .pio/build/memfault/libFrameworkArduino.a(tasks.c.o)
                0x000000000002cd20                vTaskMissedYield
 .text.eTaskConfirmSleepModeStatus
                0x000000000002cd2c       0x3c .pio/build/memfault/libFrameworkArduino.a(tasks.c.o)
                0x000000000002cd2c                eTaskConfirmSleepModeStatus
 .text.xTaskGetCurrentTaskHandle
                0x000000000002cd68        0xc .pio/build/memfault/libFrameworkArduino.a(tasks.c.o)
                0x000000000002cd68                xTaskGetCurrentTaskHandle
 .text.xTaskGetSchedulerState
                0x000000000002cd74       0x20 .pio/build/memfault/libFrameworkArduino.a(tasks.c.o)
                0x000000000002cd74                xTaskGetSchedulerState
 .text.xTaskPriorityInherit
                0x000000000002cd94       0x98 .pio/build/memfault/libFrameworkArduino.a(tasks.c.o)
                0x000000000002cd94                xTaskPriorityInherit
 .text.xTaskPriorityDisinherit
                0x000000000002ce2c       0x5c .pio/build/memfault/libFrameworkArduino.a(tasks.c.o)
                0x000000000002ce2c                xTaskPriorityDisinherit
 .text.vTaskPriorityDisinheritAfterTimeout
                0x000000000002ce88       0x6c .pio/build/memfault/libFrameworkArduino.a(tasks.c.o)
                0x000000000002ce88                vTaskPriorityDisinheritAfterTimeout
 .text.pvTaskIncrementMutexHeldCount
                0x000000000002cef4       0x1c .pio/build/memfault/libFrameworkArduino.a(tasks.c.o)
                0x000000000002cef4                pvTaskIncrementMutexHeldCount
 .text.prvGetNextExpireTime
                0x000000000002cf10       0x20 .pio/build/memfault/libFrameworkArduino.a(timers.c.o)
 .text.prvInsertTimerInActiveList
                0x000000000002cf30       0x48 .pio/build/memfault/libFrameworkArduino.a(timers.c.o)
 .text.prvCheckForValidListAndQueue
                0x000000000002cf78       0x70 .pio/build/memfault/libFrameworkArduino.a(timers.c.o)
 .text.xTimerCreateTimerTask
                0x000000000002cfe8       0x5c .pio/build/memfault/libFrameworkArduino.a(timers.c.o)
                0x000000000002cfe8                xTimerCreateTimerTask
 .text.xTimerGenericCommand
                0x000000000002d044       0x58 .pio/build/memfault/libFrameworkArduino.a(timers.c.o)
                0x000000000002d044                xTimerGenericCommand
 .text.prvSwitchTimerLists
                0x000000000002d09c       0x64 .pio/build/memfault/libFrameworkArduino.a(timers.c.o)
 .text.prvSampleTimeNow
                0x000000000002d100       0x2c .pio/build/memfault/libFrameworkArduino.a(timers.c.o)
 .text.prvProcessExpiredTimer
                0x000000000002d12c       0x4c .pio/build/memfault/libFrameworkArduino.a(timers.c.o)
 .text.prvProcessTimerOrBlockTask
                0x000000000002d178       0x74 .pio/build/memfault/libFrameworkArduino.a(timers.c.o)
 .text.prvProcessReceivedCommands
                0x000000000002d1ec       0xd4 .pio/build/memfault/libFrameworkArduino.a(timers.c.o)
 .text.prvTimerTask
                0x000000000002d2c0       0x16 .pio/build/memfault/libFrameworkArduino.a(timers.c.o)
 .text.prvTaskExitError
                0x000000000002d2d6        0x8 .pio/build/memfault/libFrameworkArduino.a(port_cmsis.c.o)
 *fill*         0x000000000002d2de        0x2 
 .text.vPortEnableVFP
                0x000000000002d2e0       0x14 .pio/build/memfault/libFrameworkArduino.a(port_cmsis.c.o)
 .text.pxPortInitialiseStack
                0x000000000002d2f4       0x28 .pio/build/memfault/libFrameworkArduino.a(port_cmsis.c.o)
                0x000000000002d2f4                pxPortInitialiseStack
 .text.xPortStartScheduler
                0x000000000002d31c       0x40 .pio/build/memfault/libFrameworkArduino.a(port_cmsis.c.o)
                0x000000000002d31c                xPortStartScheduler
 .text.vPortEnterCritical
                0x000000000002d35c       0x14 .pio/build/memfault/libFrameworkArduino.a(port_cmsis.c.o)
                0x000000000002d35c                vPortEnterCritical
 .text.vPortExitCritical
                0x000000000002d370       0x14 .pio/build/memfault/libFrameworkArduino.a(port_cmsis.c.o)
                0x000000000002d370                vPortExitCritical
 .text.sd_app_evt_wait
                0x000000000002d384        0x4 .pio/build/memfault/libFrameworkArduino.a(port_cmsis_systick.c.o)
 .text.sd_softdevice_is_enabled
                0x000000000002d388        0x4 .pio/build/memfault/libFrameworkArduino.a(port_cmsis_systick.c.o)
 .text.RTC1_IRQHandler
                0x000000000002d38c       0x78 .pio/build/memfault/libFrameworkArduino.a(port_cmsis_systick.c.o)
                0x000000000002d38c                RTC1_IRQHandler
 .text.vPortSetupTimerInterrupt
                0x000000000002d404       0x38 .pio/build/memfault/libFrameworkArduino.a(port_cmsis_systick.c.o)
                0x000000000002d404                vPortSetupTimerInterrupt
 .text.vPortSuppressTicksAndSleep
                0x000000000002d43c      0x1b4 .pio/build/memfault/libFrameworkArduino.a(port_cmsis_systick.c.o)
                0x000000000002d43c                vPortSuppressTicksAndSleep
 .text.vPortStartFirstTask
                0x000000000002d5f0       0x24 .pio/build/memfault/libFrameworkArduino.a(port.c.o)
                0x000000000002d5f0                vPortStartFirstTask
 .text.SVC_Handler
                0x000000000002d614       0x20 .pio/build/memfault/libFrameworkArduino.a(port.c.o)
                0x000000000002d614                SVC_Handler
 .text.PendSV_Handler
                0x000000000002d634       0x60 .pio/build/memfault/libFrameworkArduino.a(port.c.o)
                0x000000000002d634                PendSV_Handler
 .text.__empty  0x000000000002d694        0x2 .pio/build/memfault/libFrameworkArduino.a(hooks.c.o)
                0x000000000002d694                vApplicationIdleHook
 *fill*         0x000000000002d696        0x2 
 .text          0x000000000002d698       0x54 .pio/build/memfault/libFrameworkArduino.a(gcc_startup_nrf52840.S.o)
                0x000000000002d698                Reset_Handler
                0x000000000002d6d8                NMI_Handler
                0x000000000002d6dc                MemoryManagement_Handler
                0x000000000002d6de                BusFault_Handler
                0x000000000002d6e0                UsageFault_Handler
                0x000000000002d6e4                DebugMon_Handler
                0x000000000002d6e8                SysTick_Handler
                0x000000000002d6ea                TIMER2_IRQHandler
                0x000000000002d6ea                RTC0_IRQHandler
                0x000000000002d6ea                SWI0_EGU0_IRQHandler
                0x000000000002d6ea                SWI2_EGU2_IRQHandler
                0x000000000002d6ea                GPIOTE_IRQHandler
                0x000000000002d6ea                PWM1_IRQHandler
                0x000000000002d6ea                RADIO_IRQHandler
                0x000000000002d6ea                PDM_IRQHandler
                0x000000000002d6ea                TEMP_IRQHandler
                0x000000000002d6ea                QDEC_IRQHandler
                0x000000000002d6ea                TIMER3_IRQHandler
                0x000000000002d6ea                PWM3_IRQHandler
                0x000000000002d6ea                FPU_IRQHandler
                0x000000000002d6ea                SPIM0_SPIS0_TWIM0_TWIS0_SPI0_TWI0_IRQHandler
                0x000000000002d6ea                UARTE0_UART0_IRQHandler
                0x000000000002d6ea                TIMER4_IRQHandler
                0x000000000002d6ea                CRYPTOCELL_IRQHandler
                0x000000000002d6ea                I2S_IRQHandler
                0x000000000002d6ea                SWI4_EGU4_IRQHandler
                0x000000000002d6ea                TIMER0_IRQHandler
                0x000000000002d6ea                UARTE1_IRQHandler
                0x000000000002d6ea                TIMER1_IRQHandler
                0x000000000002d6ea                SPIM3_IRQHandler
                0x000000000002d6ea                PWM2_IRQHandler
                0x000000000002d6ea                ECB_IRQHandler
                0x000000000002d6ea                SPIM1_SPIS1_TWIM1_TWIS1_SPI1_TWI1_IRQHandler
                0x000000000002d6ea                Default_Handler
                0x000000000002d6ea                SAADC_IRQHandler
                0x000000000002d6ea                CCM_AAR_IRQHandler
                0x000000000002d6ea                WDT_IRQHandler
                0x000000000002d6ea                SWI5_EGU5_IRQHandler
                0x000000000002d6ea                RNG_IRQHandler
                0x000000000002d6ea                RTC2_IRQHandler
                0x000000000002d6ea                PWM0_IRQHandler
                0x000000000002d6ea                SWI3_EGU3_IRQHandler
                0x000000000002d6ea                SWI1_EGU1_IRQHandler
                0x000000000002d6ea                SPIM2_SPIS2_SPI2_IRQHandler
                0x000000000002d6ea                NFCT_IRQHandler
                0x000000000002d6ea                MWU_IRQHandler
                0x000000000002d6ea                QSPI_IRQHandler
                0x000000000002d6ea                COMP_LPCOMP_IRQHandler
 .text._Z19Bluefruit_printInfov
                0x000000000002d6ec        0x2 .pio/build/memfault/libFrameworkArduino.a(main.cpp.o)
                0x000000000002d6ec                Bluefruit_printInfo()
 *fill*         0x000000000002d6ee        0x2 
 .text._ZL9loop_taskPv
                0x000000000002d6f0       0x50 .pio/build/memfault/libFrameworkArduino.a(main.cpp.o)
 .text.main     0x000000000002d740       0x5c .pio/build/memfault/libFrameworkArduino.a(main.cpp.o)
                0x000000000002d740                main
 .text._write   0x000000000002d79c       0x24 .pio/build/memfault/libFrameworkArduino.a(main.cpp.o)
                0x000000000002d79c                _write
 .text.nrfx_power_init
                0x000000000002d7c0       0x6c .pio/build/memfault/libFrameworkArduino.a(nrfx_power.c.o)
                0x000000000002d7c0                nrfx_power_init
 .text.nrfx_power_usbevt_enable
                0x000000000002d82c        0xe .pio/build/memfault/libFrameworkArduino.a(nrfx_power.c.o)
                0x000000000002d82c                nrfx_power_usbevt_enable
 .text.nrfx_power_usbevt_disable
                0x000000000002d83a        0xe .pio/build/memfault/libFrameworkArduino.a(nrfx_power.c.o)
                0x000000000002d83a                nrfx_power_usbevt_disable
 .text.nrfx_power_usbevt_uninit
                0x000000000002d848       0x14 .pio/build/memfault/libFrameworkArduino.a(nrfx_power.c.o)
                0x000000000002d848                nrfx_power_usbevt_uninit
 .text.nrfx_power_usbevt_init
                0x000000000002d85c       0x18 .pio/build/memfault/libFrameworkArduino.a(nrfx_power.c.o)
                0x000000000002d85c                nrfx_power_usbevt_init
 .text.POWER_CLOCK_IRQHandler
                0x000000000002d874      0x100 .pio/build/memfault/libFrameworkArduino.a(nrfx_power.c.o)
                0x000000000002d874                POWER_CLOCK_IRQHandler
 .text.nrf52_errata_36
                0x000000000002d974       0x40 .pio/build/memfault/libFrameworkArduino.a(system_nrf52840.c.o)
 .text.nrf52_errata_66
                0x000000000002d9b4       0x40 .pio/build/memfault/libFrameworkArduino.a(system_nrf52840.c.o)
 .text.nrf52_errata_98
                0x000000000002d9f4       0x24 .pio/build/memfault/libFrameworkArduino.a(system_nrf52840.c.o)
 .text.nrf52_errata_103
                0x000000000002da18       0x24 .pio/build/memfault/libFrameworkArduino.a(system_nrf52840.c.o)
 .text.nrf52_errata_115
                0x000000000002da3c       0x24 .pio/build/memfault/libFrameworkArduino.a(system_nrf52840.c.o)
 .text.nrf52_errata_120
                0x000000000002da60       0x24 .pio/build/memfault/libFrameworkArduino.a(system_nrf52840.c.o)
 .text.nrf52_errata_136
                0x000000000002da84       0x40 .pio/build/memfault/libFrameworkArduino.a(system_nrf52840.c.o)
 .text.SystemCoreClockUpdate
                0x000000000002dac4       0x10 .pio/build/memfault/libFrameworkArduino.a(system_nrf52840.c.o)
                0x000000000002dac4                SystemCoreClockUpdate
 .text.SystemInit
                0x000000000002dad4      0x1d4 .pio/build/memfault/libFrameworkArduino.a(system_nrf52840.c.o)
                0x000000000002dad4                SystemInit
 .text.yield    0x000000000002dca8       0x20 .pio/build/memfault/libFrameworkArduino.a(rtos.cpp.o)
                0x000000000002dca8                yield
 .text.vApplicationStackOverflowHook
                0x000000000002dcc8       0x30 .pio/build/memfault/libFrameworkArduino.a(rtos.cpp.o)
                0x000000000002dcc8                vApplicationStackOverflowHook
 .text.vApplicationMallocFailedHook
                0x000000000002dcf8       0x38 .pio/build/memfault/libFrameworkArduino.a(rtos.cpp.o)
                0x000000000002dcf8                vApplicationMallocFailedHook
 .text.vApplicationGetIdleTaskMemory
                0x000000000002dd30       0x18 .pio/build/memfault/libFrameworkArduino.a(rtos.cpp.o)
                0x000000000002dd30                vApplicationGetIdleTaskMemory
 .text.vApplicationGetTimerTaskMemory
                0x000000000002dd48       0x18 .pio/build/memfault/libFrameworkArduino.a(rtos.cpp.o)
                0x000000000002dd48                vApplicationGetTimerTaskMemory
 .text.adafruit_callback_task
                0x000000000002dd60       0xcc .pio/build/memfault/libFrameworkArduino.a(AdaCallback.c.o)
                0x000000000002dd60                adafruit_callback_task
 .text.ada_callback_init
                0x000000000002de2c       0x44 .pio/build/memfault/libFrameworkArduino.a(AdaCallback.c.o)
                0x000000000002de2c                ada_callback_init
 .text.HardFault_Handler
                0x000000000002de70       0x24 .pio/build/memfault/libFrameworkArduino.a(debug.cpp.o)
                0x000000000002de70                HardFault_Handler
 .text.dbgPrintVersion
                0x000000000002de94       0x40 .pio/build/memfault/libFrameworkArduino.a(debug.cpp.o)
                0x000000000002de94                dbgPrintVersion
 .text.dbg_err_str
                0x000000000002ded4       0x30 .pio/build/memfault/libFrameworkArduino.a(debug.cpp.o)
                0x000000000002ded4                dbg_err_str
 .text.lookup_find
                0x000000000002df04       0x32 .pio/build/memfault/libFrameworkArduino.a(utilities.c.o)
                0x000000000002df04                lookup_find
 *fill*         0x000000000002df36        0x2 
 .text.getBootloaderVersion
                0x000000000002df38       0x7c .pio/build/memfault/libFrameworkArduino.a(utilities.c.o)
                0x000000000002df38                getBootloaderVersion
 .text.getMcuUniqueID
                0x000000000002dfb4       0x28 .pio/build/memfault/libFrameworkArduino.a(utilities.c.o)
                0x000000000002dfb4                getMcuUniqueID
 .text.__NVIC_SystemReset
                0x000000000002dfdc       0x24 .pio/build/memfault/libFrameworkArduino.a(wiring.c.o)
 .text.init     0x000000000002e000       0x7c .pio/build/memfault/libFrameworkArduino.a(wiring.c.o)
                0x000000000002e000                init
 .text.enterSerialDfu
                0x000000000002e07c       0x10 .pio/build/memfault/libFrameworkArduino.a(wiring.c.o)
                0x000000000002e07c                enterSerialDfu
 .text.vListInitialise
                0x000000000002e08c       0x16 .pio/build/memfault/libFrameworkArduino.a(list.c.o)
                0x000000000002e08c                vListInitialise
 .text.vListInitialiseItem
                0x000000000002e0a2        0x6 .pio/build/memfault/libFrameworkArduino.a(list.c.o)
                0x000000000002e0a2                vListInitialiseItem
 .text.vListInsertEnd
                0x000000000002e0a8       0x18 .pio/build/memfault/libFrameworkArduino.a(list.c.o)
                0x000000000002e0a8                vListInsertEnd
 .text.vListInsert
                0x000000000002e0c0       0x34 .pio/build/memfault/libFrameworkArduino.a(list.c.o)
                0x000000000002e0c0                vListInsert
 .text.uxListRemove
                0x000000000002e0f4       0x28 .pio/build/memfault/libFrameworkArduino.a(list.c.o)
                0x000000000002e0f4                uxListRemove
 .text.pvPortMalloc
                0x000000000002e11c       0x20 .pio/build/memfault/libFrameworkArduino.a(heap_3.c.o)
                0x000000000002e11c                pvPortMalloc
 .text.__wrap_malloc
                0x000000000002e13c       0x1c .pio/build/memfault/libFrameworkArduino.a(heap_3.c.o)
                0x000000000002e13c                __wrap_malloc
 .text.vPortFree
                0x000000000002e158       0x18 .pio/build/memfault/libFrameworkArduino.a(heap_3.c.o)
                0x000000000002e158                vPortFree
 .text.__wrap_free
                0x000000000002e170       0x1c .pio/build/memfault/libFrameworkArduino.a(heap_3.c.o)
                0x000000000002e170                __wrap_free
 .text._Z11initVariantv
                0x000000000002e18c       0x44 .pio/build/memfault/libFrameworkArduinoVariant.a(variant.cpp.o)
                0x000000000002e18c                initVariant()
 .text.pinMode  0x000000000002e1d0      0x108 .pio/build/memfault/libFrameworkArduino.a(wiring_digital.c.o)
                0x000000000002e1d0                pinMode
 .text.digitalWrite
                0x000000000002e2d8       0x3c .pio/build/memfault/libFrameworkArduino.a(wiring_digital.c.o)
                0x000000000002e2d8                digitalWrite
 .text.exit     0x000000000002e314       0x28 /home/leroy/.platformio/packages/toolchain-gccarmnoneeabi@1.70201.0/bin/../lib/gcc/arm-none-eabi/7.2.1/../../../../arm-none-eabi/lib/thumb/v7e-m/fpv4-sp/hard/libg_nano.a(lib_a-exit.o)
                0x000000000002e314                exit
 .text.__libc_init_array
                0x000000000002e33c       0x48 /home/leroy/.platformio/packages/toolchain-gccarmnoneeabi@1.70201.0/bin/../lib/gcc/arm-none-eabi/7.2.1/../../../../arm-none-eabi/lib/thumb/v7e-m/fpv4-sp/hard/libg_nano.a(lib_a-init.o)
                0x000000000002e33c                __libc_init_array
 .text.malloc   0x000000000002e384       0x10 /home/leroy/.platformio/packages/toolchain-gccarmnoneeabi@1.70201.0/bin/../lib/gcc/arm-none-eabi/7.2.1/../../../../arm-none-eabi/lib/thumb/v7e-m/fpv4-sp/hard/libg_nano.a(lib_a-malloc.o)
                0x000000000002e384                malloc
 .text.free     0x000000000002e394       0x10 /home/leroy/.platformio/packages/toolchain-gccarmnoneeabi@1.70201.0/bin/../lib/gcc/arm-none-eabi/7.2.1/../../../../arm-none-eabi/lib/thumb/v7e-m/fpv4-sp/hard/libg_nano.a(lib_a-malloc.o)
                0x000000000002e394                free
 .text.__ascii_mbtowc
                0x000000000002e3a4       0x24 /home/leroy/.platformio/packages/toolchain-gccarmnoneeabi@1.70201.0/bin/../lib/gcc/arm-none-eabi/7.2.1/../../../../arm-none-eabi/lib/thumb/v7e-m/fpv4-sp/hard/libg_nano.a(lib_a-mbtowc_r.o)
                0x000000000002e3a4                __ascii_mbtowc
 .text.memcpy   0x000000000002e3c8       0x16 /home/leroy/.platformio/packages/toolchain-gccarmnoneeabi@1.70201.0/bin/../lib/gcc/arm-none-eabi/7.2.1/../../../../arm-none-eabi/lib/thumb/v7e-m/fpv4-sp/hard/libg_nano.a(lib_a-memcpy-stub.o)
                0x000000000002e3c8                memcpy
 .text.memmove  0x000000000002e3de       0x32 /home/leroy/.platformio/packages/toolchain-gccarmnoneeabi@1.70201.0/bin/../lib/gcc/arm-none-eabi/7.2.1/../../../../arm-none-eabi/lib/thumb/v7e-m/fpv4-sp/hard/libg_nano.a(lib_a-memmove.o)
                0x000000000002e3de                memmove
 .text.memset   0x000000000002e410       0x10 /home/leroy/.platformio/packages/toolchain-gccarmnoneeabi@1.70201.0/bin/../lib/gcc/arm-none-eabi/7.2.1/../../../../arm-none-eabi/lib/thumb/v7e-m/fpv4-sp/hard/libg_nano.a(lib_a-memset.o)
                0x000000000002e410                memset
 .text._free_r  0x000000000002e420       0x9c /home/leroy/.platformio/packages/toolchain-gccarmnoneeabi@1.70201.0/bin/../lib/gcc/arm-none-eabi/7.2.1/../../../../arm-none-eabi/lib/thumb/v7e-m/fpv4-sp/hard/libg_nano.a(lib_a-nano-freer.o)
                0x000000000002e420                _free_r
 .text._malloc_r
                0x000000000002e4bc       0xb4 /home/leroy/.platformio/packages/toolchain-gccarmnoneeabi@1.70201.0/bin/../lib/gcc/arm-none-eabi/7.2.1/../../../../arm-none-eabi/lib/thumb/v7e-m/fpv4-sp/hard/libg_nano.a(lib_a-nano-mallocr.o)
                0x000000000002e4bc                _malloc_r
 .text.__cvt    0x000000000002e570       0xc2 /home/leroy/.platformio/packages/toolchain-gccarmnoneeabi@1.70201.0/bin/../lib/gcc/arm-none-eabi/7.2.1/../../../../arm-none-eabi/lib/thumb/v7e-m/fpv4-sp/hard/libg_nano.a(lib_a-nano-vfprintf_float.o)
                0x000000000002e570                __cvt
 .text.__exponent
                0x000000000002e632       0x66 /home/leroy/.platformio/packages/toolchain-gccarmnoneeabi@1.70201.0/bin/../lib/gcc/arm-none-eabi/7.2.1/../../../../arm-none-eabi/lib/thumb/v7e-m/fpv4-sp/hard/libg_nano.a(lib_a-nano-vfprintf_float.o)
                0x000000000002e632                __exponent
 .text._printf_float
                0x000000000002e698      0x480 /home/leroy/.platformio/packages/toolchain-gccarmnoneeabi@1.70201.0/bin/../lib/gcc/arm-none-eabi/7.2.1/../../../../arm-none-eabi/lib/thumb/v7e-m/fpv4-sp/hard/libg_nano.a(lib_a-nano-vfprintf_float.o)
                0x000000000002e698                _printf_float
 .text._printf_common
                0x000000000002eb18       0xea /home/leroy/.platformio/packages/toolchain-gccarmnoneeabi@1.70201.0/bin/../lib/gcc/arm-none-eabi/7.2.1/../../../../arm-none-eabi/lib/thumb/v7e-m/fpv4-sp/hard/libg_nano.a(lib_a-nano-vfprintf_i.o)
                0x000000000002eb18                _printf_common
 *fill*         0x000000000002ec02        0x2 
 .text._printf_i
                0x000000000002ec04      0x224 /home/leroy/.platformio/packages/toolchain-gccarmnoneeabi@1.70201.0/bin/../lib/gcc/arm-none-eabi/7.2.1/../../../../arm-none-eabi/lib/thumb/v7e-m/fpv4-sp/hard/libg_nano.a(lib_a-nano-vfprintf_i.o)
                0x000000000002ec04                _printf_i
 .text.printf   0x000000000002ee28       0x30 /home/leroy/.platformio/packages/toolchain-gccarmnoneeabi@1.70201.0/bin/../lib/gcc/arm-none-eabi/7.2.1/../../../../arm-none-eabi/lib/thumb/v7e-m/fpv4-sp/hard/libg_nano.a(lib_a-printf.o)
                0x000000000002ee28                printf
                0x000000000002ee28                iprintf
 .text._sbrk_r  0x000000000002ee58       0x20 /home/leroy/.platformio/packages/toolchain-gccarmnoneeabi@1.70201.0/bin/../lib/gcc/arm-none-eabi/7.2.1/../../../../arm-none-eabi/lib/thumb/v7e-m/fpv4-sp/hard/libg_nano.a(lib_a-sbrkr.o)
                0x000000000002ee58                _sbrk_r
 .text.sprintf  0x000000000002ee78       0x40 /home/leroy/.platformio/packages/toolchain-gccarmnoneeabi@1.70201.0/bin/../lib/gcc/arm-none-eabi/7.2.1/../../../../arm-none-eabi/lib/thumb/v7e-m/fpv4-sp/hard/libg_nano.a(lib_a-sprintf.o)
                0x000000000002ee78                sprintf
                0x000000000002ee78                siprintf
 .text          0x000000000002eeb8       0x10 /home/leroy/.platformio/packages/toolchain-gccarmnoneeabi@1.70201.0/bin/../lib/gcc/arm-none-eabi/7.2.1/../../../../arm-none-eabi/lib/thumb/v7e-m/fpv4-sp/hard/libg_nano.a(lib_a-strlen.o)
                0x000000000002eeb8                strlen
 .text.__ascii_wctomb
                0x000000000002eec8       0x1a /home/leroy/.platformio/packages/toolchain-gccarmnoneeabi@1.70201.0/bin/../lib/gcc/arm-none-eabi/7.2.1/../../../../arm-none-eabi/lib/thumb/v7e-m/fpv4-sp/hard/libg_nano.a(lib_a-wctomb_r.o)
                0x000000000002eec8                __ascii_wctomb
 .text.quorem   0x000000000002eee2      0x118 /home/leroy/.platformio/packages/toolchain-gccarmnoneeabi@1.70201.0/bin/../lib/gcc/arm-none-eabi/7.2.1/../../../../arm-none-eabi/lib/thumb/v7e-m/fpv4-sp/hard/libg_nano.a(lib_a-dtoa.o)
 *fill*         0x000000000002effa        0x6 
 .text._dtoa_r  0x000000000002f000      0xb70 /home/leroy/.platformio/packages/toolchain-gccarmnoneeabi@1.70201.0/bin/../lib/gcc/arm-none-eabi/7.2.1/../../../../arm-none-eabi/lib/thumb/v7e-m/fpv4-sp/hard/libg_nano.a(lib_a-dtoa.o)
                0x000000000002f000                _dtoa_r
 .text.std      0x000000000002fb70       0x48 /home/leroy/.platformio/packages/toolchain-gccarmnoneeabi@1.70201.0/bin/../lib/gcc/arm-none-eabi/7.2.1/../../../../arm-none-eabi/lib/thumb/v7e-m/fpv4-sp/hard/libg_nano.a(lib_a-findfp.o)
 .text._cleanup_r
                0x000000000002fbb8        0xc /home/leroy/.platformio/packages/toolchain-gccarmnoneeabi@1.70201.0/bin/../lib/gcc/arm-none-eabi/7.2.1/../../../../arm-none-eabi/lib/thumb/v7e-m/fpv4-sp/hard/libg_nano.a(lib_a-findfp.o)
                0x000000000002fbb8                _cleanup_r
 .text.__sfmoreglue
                0x000000000002fbc4       0x2c /home/leroy/.platformio/packages/toolchain-gccarmnoneeabi@1.70201.0/bin/../lib/gcc/arm-none-eabi/7.2.1/../../../../arm-none-eabi/lib/thumb/v7e-m/fpv4-sp/hard/libg_nano.a(lib_a-findfp.o)
                0x000000000002fbc4                __sfmoreglue
 .text.__sinit  0x000000000002fbf0       0x60 /home/leroy/.platformio/packages/toolchain-gccarmnoneeabi@1.70201.0/bin/../lib/gcc/arm-none-eabi/7.2.1/../../../../arm-none-eabi/lib/thumb/v7e-m/fpv4-sp/hard/libg_nano.a(lib_a-findfp.o)
                0x000000000002fbf0                __sinit
 .text.__sfp    0x000000000002fc50       0x78 /home/leroy/.platformio/packages/toolchain-gccarmnoneeabi@1.70201.0/bin/../lib/gcc/arm-none-eabi/7.2.1/../../../../arm-none-eabi/lib/thumb/v7e-m/fpv4-sp/hard/libg_nano.a(lib_a-findfp.o)
                0x000000000002fc50                __sfp
 .text._fwalk_reent
                0x000000000002fcc8       0x3c /home/leroy/.platformio/packages/toolchain-gccarmnoneeabi@1.70201.0/bin/../lib/gcc/arm-none-eabi/7.2.1/../../../../arm-none-eabi/lib/thumb/v7e-m/fpv4-sp/hard/libg_nano.a(lib_a-fwalk.o)
                0x000000000002fcc8                _fwalk_reent
 .text._localeconv_r
                0x000000000002fd04       0x1c /home/leroy/.platformio/packages/toolchain-gccarmnoneeabi@1.70201.0/bin/../lib/gcc/arm-none-eabi/7.2.1/../../../../arm-none-eabi/lib/thumb/v7e-m/fpv4-sp/hard/libg_nano.a(lib_a-localeconv.o)
                0x000000000002fd04                _localeconv_r
 .text          0x000000000002fd20       0xa0 /home/leroy/.platformio/packages/toolchain-gccarmnoneeabi@1.70201.0/bin/../lib/gcc/arm-none-eabi/7.2.1/../../../../arm-none-eabi/lib/thumb/v7e-m/fpv4-sp/hard/libg_nano.a(lib_a-memchr.o)
                0x000000000002fd20                memchr
 .text.__malloc_lock
                0x000000000002fdc0        0x2 /home/leroy/.platformio/packages/toolchain-gccarmnoneeabi@1.70201.0/bin/../lib/gcc/arm-none-eabi/7.2.1/../../../../arm-none-eabi/lib/thumb/v7e-m/fpv4-sp/hard/libg_nano.a(lib_a-mlock.o)
                0x000000000002fdc0                __malloc_lock
 .text.__malloc_unlock
                0x000000000002fdc2        0x2 /home/leroy/.platformio/packages/toolchain-gccarmnoneeabi@1.70201.0/bin/../lib/gcc/arm-none-eabi/7.2.1/../../../../arm-none-eabi/lib/thumb/v7e-m/fpv4-sp/hard/libg_nano.a(lib_a-mlock.o)
                0x000000000002fdc2                __malloc_unlock
 .text._Balloc  0x000000000002fdc4       0x68 /home/leroy/.platformio/packages/toolchain-gccarmnoneeabi@1.70201.0/bin/../lib/gcc/arm-none-eabi/7.2.1/../../../../arm-none-eabi/lib/thumb/v7e-m/fpv4-sp/hard/libg_nano.a(lib_a-mprec.o)
                0x000000000002fdc4                _Balloc
 .text._Bfree   0x000000000002fe2c       0x2e /home/leroy/.platformio/packages/toolchain-gccarmnoneeabi@1.70201.0/bin/../lib/gcc/arm-none-eabi/7.2.1/../../../../arm-none-eabi/lib/thumb/v7e-m/fpv4-sp/hard/libg_nano.a(lib_a-mprec.o)
                0x000000000002fe2c                _Bfree
 .text.__multadd
                0x000000000002fe5a       0x76 /home/leroy/.platformio/packages/toolchain-gccarmnoneeabi@1.70201.0/bin/../lib/gcc/arm-none-eabi/7.2.1/../../../../arm-none-eabi/lib/thumb/v7e-m/fpv4-sp/hard/libg_nano.a(lib_a-mprec.o)
                0x000000000002fe5a                __multadd
 .text.__hi0bits
                0x000000000002fed0       0x3e /home/leroy/.platformio/packages/toolchain-gccarmnoneeabi@1.70201.0/bin/../lib/gcc/arm-none-eabi/7.2.1/../../../../arm-none-eabi/lib/thumb/v7e-m/fpv4-sp/hard/libg_nano.a(lib_a-mprec.o)
                0x000000000002fed0                __hi0bits
 .text.__lo0bits
                0x000000000002ff0e       0x5e /home/leroy/.platformio/packages/toolchain-gccarmnoneeabi@1.70201.0/bin/../lib/gcc/arm-none-eabi/7.2.1/../../../../arm-none-eabi/lib/thumb/v7e-m/fpv4-sp/hard/libg_nano.a(lib_a-mprec.o)
                0x000000000002ff0e                __lo0bits
 .text.__i2b    0x000000000002ff6c       0x12 /home/leroy/.platformio/packages/toolchain-gccarmnoneeabi@1.70201.0/bin/../lib/gcc/arm-none-eabi/7.2.1/../../../../arm-none-eabi/lib/thumb/v7e-m/fpv4-sp/hard/libg_nano.a(lib_a-mprec.o)
                0x000000000002ff6c                __i2b
 .text.__multiply
                0x000000000002ff7e      0x12c /home/leroy/.platformio/packages/toolchain-gccarmnoneeabi@1.70201.0/bin/../lib/gcc/arm-none-eabi/7.2.1/../../../../arm-none-eabi/lib/thumb/v7e-m/fpv4-sp/hard/libg_nano.a(lib_a-mprec.o)
                0x000000000002ff7e                __multiply
 *fill*         0x00000000000300aa        0x2 
 .text.__pow5mult
                0x00000000000300ac       0x9c /home/leroy/.platformio/packages/toolchain-gccarmnoneeabi@1.70201.0/bin/../lib/gcc/arm-none-eabi/7.2.1/../../../../arm-none-eabi/lib/thumb/v7e-m/fpv4-sp/hard/libg_nano.a(lib_a-mprec.o)
                0x00000000000300ac                __pow5mult
 .text.__lshift
                0x0000000000030148       0xa8 /home/leroy/.platformio/packages/toolchain-gccarmnoneeabi@1.70201.0/bin/../lib/gcc/arm-none-eabi/7.2.1/../../../../arm-none-eabi/lib/thumb/v7e-m/fpv4-sp/hard/libg_nano.a(lib_a-mprec.o)
                0x0000000000030148                __lshift
 .text.__mcmp   0x00000000000301f0       0x34 /home/leroy/.platformio/packages/toolchain-gccarmnoneeabi@1.70201.0/bin/../lib/gcc/arm-none-eabi/7.2.1/../../../../arm-none-eabi/lib/thumb/v7e-m/fpv4-sp/hard/libg_nano.a(lib_a-mprec.o)
                0x00000000000301f0                __mcmp
 .text.__mdiff  0x0000000000030224       0xba /home/leroy/.platformio/packages/toolchain-gccarmnoneeabi@1.70201.0/bin/../lib/gcc/arm-none-eabi/7.2.1/../../../../arm-none-eabi/lib/thumb/v7e-m/fpv4-sp/hard/libg_nano.a(lib_a-mprec.o)
                0x0000000000030224                __mdiff
 .text.__d2b    0x00000000000302de       0x9e /home/leroy/.platformio/packages/toolchain-gccarmnoneeabi@1.70201.0/bin/../lib/gcc/arm-none-eabi/7.2.1/../../../../arm-none-eabi/lib/thumb/v7e-m/fpv4-sp/hard/libg_nano.a(lib_a-mprec.o)
                0x00000000000302de                __d2b
 .text._calloc_r
                0x000000000003037c       0x1c /home/leroy/.platformio/packages/toolchain-gccarmnoneeabi@1.70201.0/bin/../lib/gcc/arm-none-eabi/7.2.1/../../../../arm-none-eabi/lib/thumb/v7e-m/fpv4-sp/hard/libg_nano.a(lib_a-nano-callocr.o)
                0x000000000003037c                _calloc_r
 .text.__ssputs_r
                0x0000000000030398       0xb4 /home/leroy/.platformio/packages/toolchain-gccarmnoneeabi@1.70201.0/bin/../lib/gcc/arm-none-eabi/7.2.1/../../../../arm-none-eabi/lib/thumb/v7e-m/fpv4-sp/hard/libg_nano.a(lib_a-nano-svfprintf.o)
                0x0000000000030398                __ssputs_r
 .text._svfprintf_r
                0x000000000003044c      0x1ec /home/leroy/.platformio/packages/toolchain-gccarmnoneeabi@1.70201.0/bin/../lib/gcc/arm-none-eabi/7.2.1/../../../../arm-none-eabi/lib/thumb/v7e-m/fpv4-sp/hard/libg_nano.a(lib_a-nano-svfprintf.o)
                0x000000000003044c                _svfprintf_r
                0x000000000003044c                _svfiprintf_r
 .text.__sfputc_r
                0x0000000000030638       0x2e /home/leroy/.platformio/packages/toolchain-gccarmnoneeabi@1.70201.0/bin/../lib/gcc/arm-none-eabi/7.2.1/../../../../arm-none-eabi/lib/thumb/v7e-m/fpv4-sp/hard/libg_nano.a(lib_a-nano-vfprintf.o)
 .text.__sfputs_r
                0x0000000000030666       0x24 /home/leroy/.platformio/packages/toolchain-gccarmnoneeabi@1.70201.0/bin/../lib/gcc/arm-none-eabi/7.2.1/../../../../arm-none-eabi/lib/thumb/v7e-m/fpv4-sp/hard/libg_nano.a(lib_a-nano-vfprintf.o)
                0x0000000000030666                __sfputs_r
 *fill*         0x000000000003068a        0x2 
 .text._vfprintf_r
                0x000000000003068c      0x228 /home/leroy/.platformio/packages/toolchain-gccarmnoneeabi@1.70201.0/bin/../lib/gcc/arm-none-eabi/7.2.1/../../../../arm-none-eabi/lib/thumb/v7e-m/fpv4-sp/hard/libg_nano.a(lib_a-nano-vfprintf.o)
                0x000000000003068c                _vfiprintf_r
                0x000000000003068c                _vfprintf_r
 .text.__sread  0x00000000000308b4       0x22 /home/leroy/.platformio/packages/toolchain-gccarmnoneeabi@1.70201.0/bin/../lib/gcc/arm-none-eabi/7.2.1/../../../../arm-none-eabi/lib/thumb/v7e-m/fpv4-sp/hard/libg_nano.a(lib_a-stdio.o)
                0x00000000000308b4                __sread
 .text.__swrite
                0x00000000000308d6       0x38 /home/leroy/.platformio/packages/toolchain-gccarmnoneeabi@1.70201.0/bin/../lib/gcc/arm-none-eabi/7.2.1/../../../../arm-none-eabi/lib/thumb/v7e-m/fpv4-sp/hard/libg_nano.a(lib_a-stdio.o)
                0x00000000000308d6                __swrite
 .text.__sseek  0x000000000003090e       0x24 /home/leroy/.platformio/packages/toolchain-gccarmnoneeabi@1.70201.0/bin/../lib/gcc/arm-none-eabi/7.2.1/../../../../arm-none-eabi/lib/thumb/v7e-m/fpv4-sp/hard/libg_nano.a(lib_a-stdio.o)
                0x000000000003090e                __sseek
 .text.__sclose
                0x0000000000030932        0x8 /home/leroy/.platformio/packages/toolchain-gccarmnoneeabi@1.70201.0/bin/../lib/gcc/arm-none-eabi/7.2.1/../../../../arm-none-eabi/lib/thumb/v7e-m/fpv4-sp/hard/libg_nano.a(lib_a-stdio.o)
                0x0000000000030932                __sclose
 *fill*         0x000000000003093a        0x2 
 .text.__swbuf_r
                0x000000000003093c       0xa4 /home/leroy/.platformio/packages/toolchain-gccarmnoneeabi@1.70201.0/bin/../lib/gcc/arm-none-eabi/7.2.1/../../../../arm-none-eabi/lib/thumb/v7e-m/fpv4-sp/hard/libg_nano.a(lib_a-wbuf.o)
                0x000000000003093c                __swbuf_r
 .text._write_r
                0x00000000000309e0       0x24 /home/leroy/.platformio/packages/toolchain-gccarmnoneeabi@1.70201.0/bin/../lib/gcc/arm-none-eabi/7.2.1/../../../../arm-none-eabi/lib/thumb/v7e-m/fpv4-sp/hard/libg_nano.a(lib_a-writer.o)
                0x00000000000309e0                _write_r
 .text.__swsetup_r
                0x0000000000030a04       0xdc /home/leroy/.platformio/packages/toolchain-gccarmnoneeabi@1.70201.0/bin/../lib/gcc/arm-none-eabi/7.2.1/../../../../arm-none-eabi/lib/thumb/v7e-m/fpv4-sp/hard/libg_nano.a(lib_a-wsetup.o)
                0x0000000000030a04                __swsetup_r
 .text._close_r
                0x0000000000030ae0       0x20 /home/leroy/.platformio/packages/toolchain-gccarmnoneeabi@1.70201.0/bin/../lib/gcc/arm-none-eabi/7.2.1/../../../../arm-none-eabi/lib/thumb/v7e-m/fpv4-sp/hard/libg_nano.a(lib_a-closer.o)
                0x0000000000030ae0                _close_r
 .text.__sflush_r
                0x0000000000030b00      0x10c /home/leroy/.platformio/packages/toolchain-gccarmnoneeabi@1.70201.0/bin/../lib/gcc/arm-none-eabi/7.2.1/../../../../arm-none-eabi/lib/thumb/v7e-m/fpv4-sp/hard/libg_nano.a(lib_a-fflush.o)
                0x0000000000030b00                __sflush_r
 .text._fflush_r
                0x0000000000030c0c       0x54 /home/leroy/.platformio/packages/toolchain-gccarmnoneeabi@1.70201.0/bin/../lib/gcc/arm-none-eabi/7.2.1/../../../../arm-none-eabi/lib/thumb/v7e-m/fpv4-sp/hard/libg_nano.a(lib_a-fflush.o)
                0x0000000000030c0c                _fflush_r
 .text._lseek_r
                0x0000000000030c60       0x24 /home/leroy/.platformio/packages/toolchain-gccarmnoneeabi@1.70201.0/bin/../lib/gcc/arm-none-eabi/7.2.1/../../../../arm-none-eabi/lib/thumb/v7e-m/fpv4-sp/hard/libg_nano.a(lib_a-lseekr.o)
                0x0000000000030c60                _lseek_r
 .text.__swhatbuf_r
                0x0000000000030c84       0x48 /home/leroy/.platformio/packages/toolchain-gccarmnoneeabi@1.70201.0/bin/../lib/gcc/arm-none-eabi/7.2.1/../../../../arm-none-eabi/lib/thumb/v7e-m/fpv4-sp/hard/libg_nano.a(lib_a-makebuf.o)
                0x0000000000030c84                __swhatbuf_r
 .text.__smakebuf_r
                0x0000000000030ccc       0x80 /home/leroy/.platformio/packages/toolchain-gccarmnoneeabi@1.70201.0/bin/../lib/gcc/arm-none-eabi/7.2.1/../../../../arm-none-eabi/lib/thumb/v7e-m/fpv4-sp/hard/libg_nano.a(lib_a-makebuf.o)
                0x0000000000030ccc                __smakebuf_r
 .text._realloc_r
                0x0000000000030d4c       0x4c /home/leroy/.platformio/packages/toolchain-gccarmnoneeabi@1.70201.0/bin/../lib/gcc/arm-none-eabi/7.2.1/../../../../arm-none-eabi/lib/thumb/v7e-m/fpv4-sp/hard/libg_nano.a(lib_a-nano-reallocr.o)
                0x0000000000030d4c                _realloc_r
 .text._read_r  0x0000000000030d98       0x24 /home/leroy/.platformio/packages/toolchain-gccarmnoneeabi@1.70201.0/bin/../lib/gcc/arm-none-eabi/7.2.1/../../../../arm-none-eabi/lib/thumb/v7e-m/fpv4-sp/hard/libg_nano.a(lib_a-readr.o)
                0x0000000000030d98                _read_r
 .text._fstat_r
                0x0000000000030dbc       0x24 /home/leroy/.platformio/packages/toolchain-gccarmnoneeabi@1.70201.0/bin/../lib/gcc/arm-none-eabi/7.2.1/../../../../arm-none-eabi/lib/thumb/v7e-m/fpv4-sp/hard/libg_nano.a(lib_a-fstatr.o)
                0x0000000000030dbc                _fstat_r
 .text._isatty_r
                0x0000000000030de0       0x20 /home/leroy/.platformio/packages/toolchain-gccarmnoneeabi@1.70201.0/bin/../lib/gcc/arm-none-eabi/7.2.1/../../../../arm-none-eabi/lib/thumb/v7e-m/fpv4-sp/hard/libg_nano.a(lib_a-isattyr.o)
                0x0000000000030de0                _isatty_r
 .text._malloc_usable_size_r
                0x0000000000030e00       0x10 /home/leroy/.platformio/packages/toolchain-gccarmnoneeabi@1.70201.0/bin/../lib/gcc/arm-none-eabi/7.2.1/../../../../arm-none-eabi/lib/thumb/v7e-m/fpv4-sp/hard/libg_nano.a(lib_a-nano-msizer.o)
                0x0000000000030e00                _malloc_usable_size_r
 .text          0x0000000000030e10      0x378 /home/leroy/.platformio/packages/toolchain-gccarmnoneeabi@1.70201.0/bin/../lib/gcc/arm-none-eabi/7.2.1/thumb/v7e-m/fpv4-sp/hard/libgcc.a(_arm_addsubdf3.o)
                0x0000000000030e10                __aeabi_drsub
                0x0000000000030e18                __aeabi_dsub
                0x0000000000030e18                __subdf3
                0x0000000000030e1c                __adddf3
                0x0000000000030e1c                __aeabi_dadd
                0x0000000000031094                __aeabi_ui2d
                0x0000000000031094                __floatunsidf
                0x00000000000310b4                __floatsidf
                0x00000000000310b4                __aeabi_i2d
                0x00000000000310d8                __extendsfdf2
                0x00000000000310d8                __aeabi_f2d
                0x000000000003111c                __aeabi_ul2d
                0x000000000003111c                __floatundidf
                0x000000000003112c                __floatdidf
                0x000000000003112c                __aeabi_l2d
 .text          0x0000000000031188      0x424 /home/leroy/.platformio/packages/toolchain-gccarmnoneeabi@1.70201.0/bin/../lib/gcc/arm-none-eabi/7.2.1/thumb/v7e-m/fpv4-sp/hard/libgcc.a(_arm_muldivdf3.o)
                0x0000000000031188                __aeabi_dmul
                0x0000000000031188                __muldf3
                0x00000000000313dc                __aeabi_ddiv
                0x00000000000313dc                __divdf3
 .text          0x00000000000315ac      0x110 /home/leroy/.platformio/packages/toolchain-gccarmnoneeabi@1.70201.0/bin/../lib/gcc/arm-none-eabi/7.2.1/thumb/v7e-m/fpv4-sp/hard/libgcc.a(_arm_cmpdf2.o)
                0x00000000000315ac                __gtdf2
                0x00000000000315ac                __gedf2
                0x00000000000315b4                __ltdf2
                0x00000000000315b4                __ledf2
                0x00000000000315bc                __cmpdf2
                0x00000000000315bc                __eqdf2
                0x00000000000315bc                __nedf2
                0x0000000000031638                __aeabi_cdrcmple
                0x0000000000031648                __aeabi_cdcmple
                0x0000000000031648                __aeabi_cdcmpeq
                0x0000000000031658                __aeabi_dcmpeq
                0x000000000003166c                __aeabi_dcmplt
                0x0000000000031680                __aeabi_dcmple
                0x0000000000031694                __aeabi_dcmpge
                0x00000000000316a8                __aeabi_dcmpgt
 .text          0x00000000000316bc       0x2c /home/leroy/.platformio/packages/toolchain-gccarmnoneeabi@1.70201.0/bin/../lib/gcc/arm-none-eabi/7.2.1/thumb/v7e-m/fpv4-sp/hard/libgcc.a(_arm_unorddf2.o)
                0x00000000000316bc                __aeabi_dcmpun
                0x00000000000316bc                __unorddf2
 .text          0x00000000000316e8       0x50 /home/leroy/.platformio/packages/toolchain-gccarmnoneeabi@1.70201.0/bin/../lib/gcc/arm-none-eabi/7.2.1/thumb/v7e-m/fpv4-sp/hard/libgcc.a(_arm_fixdfsi.o)
                0x00000000000316e8                __fixdfsi
                0x00000000000316e8                __aeabi_d2iz
 .text._close   0x0000000000031738       0x10 /home/leroy/.platformio/packages/toolchain-gccarmnoneeabi@1.70201.0/bin/../lib/gcc/arm-none-eabi/7.2.1/../../../../arm-none-eabi/lib/thumb/v7e-m/fpv4-sp/hard/libnosys.a(close.o)
                0x0000000000031738                _close
 .text._fstat   0x0000000000031748       0x10 /home/leroy/.platformio/packages/toolchain-gccarmnoneeabi@1.70201.0/bin/../lib/gcc/arm-none-eabi/7.2.1/../../../../arm-none-eabi/lib/thumb/v7e-m/fpv4-sp/hard/libnosys.a(fstat.o)
                0x0000000000031748                _fstat
 .text._isatty  0x0000000000031758       0x10 /home/leroy/.platformio/packages/toolchain-gccarmnoneeabi@1.70201.0/bin/../lib/gcc/arm-none-eabi/7.2.1/../../../../arm-none-eabi/lib/thumb/v7e-m/fpv4-sp/hard/libnosys.a(isatty.o)
                0x0000000000031758                _isatty
 .text._lseek   0x0000000000031768       0x10 /home/leroy/.platformio/packages/toolchain-gccarmnoneeabi@1.70201.0/bin/../lib/gcc/arm-none-eabi/7.2.1/../../../../arm-none-eabi/lib/thumb/v7e-m/fpv4-sp/hard/libnosys.a(lseek.o)
                0x0000000000031768                _lseek
 .text._read    0x0000000000031778       0x10 /home/leroy/.platformio/packages/toolchain-gccarmnoneeabi@1.70201.0/bin/../lib/gcc/arm-none-eabi/7.2.1/../../../../arm-none-eabi/lib/thumb/v7e-m/fpv4-sp/hard/libnosys.a(read.o)
                0x0000000000031778                _read
 .text._sbrk    0x0000000000031788       0x1c /home/leroy/.platformio/packages/toolchain-gccarmnoneeabi@1.70201.0/bin/../lib/gcc/arm-none-eabi/7.2.1/../../../../arm-none-eabi/lib/thumb/v7e-m/fpv4-sp/hard/libnosys.a(sbrk.o)
                0x0000000000031788                _sbrk
 .text._exit    0x00000000000317a4        0x4 /home/leroy/.platformio/packages/toolchain-gccarmnoneeabi@1.70201.0/bin/../lib/gcc/arm-none-eabi/7.2.1/../../../../arm-none-eabi/lib/thumb/v7e-m/fpv4-sp/hard/libnosys.a(_exit.o)
                0x00000000000317a4                _exit
 *(.init)
 .init          0x00000000000317a8        0x4 /home/leroy/.platformio/packages/toolchain-gccarmnoneeabi@1.70201.0/bin/../lib/gcc/arm-none-eabi/7.2.1/thumb/v7e-m/fpv4-sp/hard/crti.o
                0x00000000000317a8                _init
 .init          0x00000000000317ac        0x8 /home/leroy/.platformio/packages/toolchain-gccarmnoneeabi@1.70201.0/bin/../lib/gcc/arm-none-eabi/7.2.1/thumb/v7e-m/fpv4-sp/hard/crtn.o
 *(.fini)
 .fini          0x00000000000317b4        0x4 /home/leroy/.platformio/packages/toolchain-gccarmnoneeabi@1.70201.0/bin/../lib/gcc/arm-none-eabi/7.2.1/thumb/v7e-m/fpv4-sp/hard/crti.o
                0x00000000000317b4                _fini
 .fini          0x00000000000317b8        0x8 /home/leroy/.platformio/packages/toolchain-gccarmnoneeabi@1.70201.0/bin/../lib/gcc/arm-none-eabi/7.2.1/thumb/v7e-m/fpv4-sp/hard/crtn.o
 *crtbegin.o(.ctors)
 *crtbegin?.o(.ctors)
 *(EXCLUDE_FILE(*crtend.o *crtend?.o) .ctors)
 *(SORT_BY_NAME(.ctors.*))
 *(.ctors)
 *crtbegin.o(.dtors)
 *crtbegin?.o(.dtors)
 *(EXCLUDE_FILE(*crtend.o *crtend?.o) .dtors)
 *(SORT_BY_NAME(.dtors.*))
 *(.dtors)
 *(.rodata*)
 .rodata._ZN17Adafruit_USBD_CDC5beginEm.str1.4
                0x00000000000317c0        0xf .pio/build/memfault/libdb1/Adafruit_TinyUSB_Arduino/arduino/Adafruit_USBD_CDC.cpp.o
 *fill*         0x00000000000317cf        0x1 
 .rodata._ZTV17Adafruit_USBD_CDC
                0x00000000000317d0       0x34 .pio/build/memfault/libdb1/Adafruit_TinyUSB_Arduino/arduino/Adafruit_USBD_CDC.cpp.o
                0x00000000000317d0                vtable for Adafruit_USBD_CDC
 .rodata        0x0000000000031804       0x30 .pio/build/memfault/libdb1/Adafruit_TinyUSB_Arduino/arduino/Adafruit_USBD_Device.cpp.o
 .rodata._ZN20Adafruit_USBD_Device18clearConfigurationEv.str1.4
                0x0000000000031834       0x14 .pio/build/memfault/libdb1/Adafruit_TinyUSB_Arduino/arduino/Adafruit_USBD_Device.cpp.o
 .rodata.tud_msc_inquiry_cb.str1.4
                0x0000000000031848       0x14 .pio/build/memfault/libdb1/Adafruit_TinyUSB_Arduino/arduino/msc/Adafruit_USBD_MSC.cpp.o
                                         0x20 (size before relaxing)
 .rodata._Z23TinyUSB_Port_InitDeviceh.str1.4
                0x000000000003185c        0x5 .pio/build/memfault/libdb1/Adafruit_TinyUSB_Arduino/arduino/ports/nrf/Adafruit_TinyUSB_nrf.cpp.o
 *fill*         0x0000000000031861        0x3 
 .rodata._ZL8desc_bos
                0x0000000000031864       0x39 .pio/build/memfault/libdb1/Adafruit_TinyUSB_Arduino/arduino/webusb/Adafruit_USBD_WebUSB.cpp.o
 *fill*         0x000000000003189d        0x3 
 .rodata._usbd_driver
                0x00000000000318a0       0x78 .pio/build/memfault/libdb1/Adafruit_TinyUSB_Arduino/device/usbd.c.o
 .rodata.vTaskStartScheduler.str1.4
                0x0000000000031918        0x5 .pio/build/memfault/libFrameworkArduino.a(tasks.c.o)
 *fill*         0x000000000003191d        0x3 
 .rodata.prvCheckForValidListAndQueue.str1.4
                0x0000000000031920        0x5 .pio/build/memfault/libFrameworkArduino.a(timers.c.o)
 *fill*         0x0000000000031925        0x3 
 .rodata.xTimerCreateTimerTask.str1.4
                0x0000000000031928        0x8 .pio/build/memfault/libFrameworkArduino.a(timers.c.o)
 .rodata.main.str1.4
                0x0000000000031930        0x5 .pio/build/memfault/libFrameworkArduino.a(main.cpp.o)
 *fill*         0x0000000000031935        0x3 
 .rodata.vApplicationMallocFailedHook.str1.4
                0x0000000000031938       0x1a .pio/build/memfault/libFrameworkArduino.a(rtos.cpp.o)
 *fill*         0x0000000000031952        0x2 
 .rodata.vApplicationStackOverflowHook.str1.4
                0x0000000000031954       0x2c .pio/build/memfault/libFrameworkArduino.a(rtos.cpp.o)
                                         0x2f (size before relaxing)
 .rodata.__PRETTY_FUNCTION__.11188
                0x0000000000031980       0x17 .pio/build/memfault/libFrameworkArduino.a(AdaCallback.c.o)
 *fill*         0x0000000000031997        0x1 
 .rodata.ada_callback_init.str1.4
                0x0000000000031998        0x9 .pio/build/memfault/libFrameworkArduino.a(AdaCallback.c.o)
 *fill*         0x00000000000319a1        0x3 
 .rodata.adafruit_callback_task.str1.4
                0x00000000000319a4       0x2c .pio/build/memfault/libFrameworkArduino.a(AdaCallback.c.o)
                                         0x2f (size before relaxing)
 .rodata._ZL13_strerr_table
                0x00000000000319d0        0x8 .pio/build/memfault/libFrameworkArduino.a(debug.cpp.o)
 .rodata._ZL14_strerr_lookup
                0x00000000000319d8      0x178 .pio/build/memfault/libFrameworkArduino.a(debug.cpp.o)
 .rodata.dbgPrintVersion.str1.4
                0x0000000000031b50       0x3f .pio/build/memfault/libFrameworkArduino.a(debug.cpp.o)